Microchip MPLAB XC8 Compiler V1.21 ()

Linker command line:

--edf=C:\Program Files (x86)\Microchip\xc8\v1.21\dat\en_msgs.txt -cs \
  -h+dist/C18_18F87K22/production\IR_TX_LCD.X.production.sym \
  --cmf=dist/C18_18F87K22/production\IR_TX_LCD.X.production.cmf -z \
  -Q18F4550 -oC:\Users\HA8F8~1.ANG\AppData\Local\Temp\s5m4.6 \
  -Mdist/C18_18F87K22/production/IR_TX_LCD.X.production.map -E1 -ver=XC8 \
  -ACODE=00h-07FFFh -ACONST=00h-07FFFh -ASMALLCONST=0800h-08FFhx120 \
  -AMEDIUMCONST=0800h-07FFFh -ACOMRAM=01h-05Fh -AABS1=00h-07FFh \
  -ABIGRAM=01h-07FFh -ARAM=060h-0FFh,0100h-01FFhx7 -ABANK0=060h-0FFh \
  -ABANK1=0100h-01FFh -ABANK2=0200h-02FFh -ABANK3=0300h-03FFh \
  -ABANK4=0400h-04FFh -ABANK5=0500h-05FFh -ABANK6=0600h-06FFh \
  -ABANK7=0700h-07FFh -ASFR=0F60h-0FFFh \
  -preset_vec=00h,intcode=08h,intcodelo=018h,powerup,init,end_init \
  -pramtop=0800h -psmallconst=SMALLCONST -pmediumconst=MEDIUMCONST \
  -pconst=CONST -AFARRAM=00h-00h -ACONFIG=0300000h-030000Dh -pconfig=CONFIG \
  -AIDLOC=0200000h-0200007h -pidloc=IDLOC -AEEDATA=0F00000h-0F000FFh \
  -peeprom_data=EEDATA \
  -prdata=COMRAM,nvrram=COMRAM,nvbit=COMRAM,rbss=COMRAM,rbit=COMRAM \
  -pfarbss=FARRAM,fardata=FARRAM,nvFARRAM=FARRAM \
  -pintsave_regs=BIGRAM,bigbss=BIGRAM,bigdata=BIGRAM -pbss=RAM \
  -pidata=CODE,irdata=CODE,ibigdata=CODE,ifardata=CODE \
  C:\Users\HA8F8~1.ANG\AppData\Local\Temp\s5m4.obj \
  dist/C18_18F87K22/production\IR_TX_LCD.X.production.obj 

Object code version is 3.11

Machine type is 18F4550

Call graph: (short form)




                Name                               Link     Load   Length Selector   Space Scale
C:\Users\HA8F8~1.ANG\AppData\Local\Temp\s5m4.obj
                end_init                             A2       A2        4        C       0
                reset_vec                             0        0        4        0       0
                idloc                            200000   200000        8   200000       0
                config                           300000   300000        E   300000       0
dist/C18_18F87K22/production\IR_TX_LCD.X.production.obj
                intcodelo                            18       18       8A        C       0
                intcode                               8        8        C        4       0
                smallconst                          800      800       3E      400       0
                intcode_body                        DB0      DB0       6C      41F       0
                text18                             1146     1146        2      41F       0
                text17                             113C     113C        A      41F       0
                text16                             1098     1098       24      41F       0
                text15                             1130     1130        C      41F       0
                text14                              F36      F36       4A      41F       0
                text13                              FC6      FC6       3E      41F       0
                text12                             10D8     10D8       1C      41F       0
                text11                             110A     110A       16      41F       0
                text10                              E80      E80       60      41F       0
                text9                              10F4     10F4       16      41F       0
                text8                               D24      D24       8C      41F       0
                text7                              10BC     10BC       1C      41F       0
                text6                               E1C      E1C       64      41F       0
                text5                              1074     1074       24      41F       0
                text4                               EE0      EE0       56      41F       0
                text3                               F80      F80       46      41F       0
                text2                              1004     1004       3A      41F       0
                text1                               83E      83E      390      41F       0
                text0                               BCE      BCE      156      41F       0
                cstackCOMRAM                          1        1       30        1       1
                cstackBANK0                          60       60       40       60       1
                bssBANK0                             A0       A0       21       60       1
                dataCOMRAM                           31       31       10        1       1
                cinit                              103E     103E       36      41F       0
                idataCOMRAM                        1120     1120       10      41F       0

TOTAL           Name                               Link     Load   Length     Space
        CLASS   CODE           
                end_init                             A2       A2        4         0
                intcodelo                            18       18       8A         0
                intcode                               8        8        C         0
                reset_vec                             0        0        4         0
                intcode_body                        DB0      DB0       6C         0
                text18                             1146     1146        2         0
                text17                             113C     113C        A         0
                text16                             1098     1098       24         0
                text15                             1130     1130        C         0
                text14                              F36      F36       4A         0
                text13                              FC6      FC6       3E         0
                text12                             10D8     10D8       1C         0
                text11                             110A     110A       16         0
                text10                              E80      E80       60         0
                text9                              10F4     10F4       16         0
                text8                               D24      D24       8C         0
                text7                              10BC     10BC       1C         0
                text6                               E1C      E1C       64         0
                text5                              1074     1074       24         0
                text4                               EE0      EE0       56         0
                text3                               F80      F80       46         0
                text2                              1004     1004       3A         0
                text1                               83E      83E      390         0
                text0                               BCE      BCE      156         0
                cinit                              103E     103E       36         0
                idataCOMRAM                        1120     1120       10         0

        CLASS   CONST          

        CLASS   SMALLCONST     
                smallconst                          800      800       3E         0

        CLASS   MEDIUMCONST    

        CLASS   COMRAM         
                cstackCOMRAM                          1        1       30         1
                dataCOMRAM                           31       31       10         1

        CLASS   ABS1           

        CLASS   BIGRAM         

        CLASS   RAM            

        CLASS   BANK0          
                cstackBANK0                          60       60       40         1
                bssBANK0                             A0       A0       21         1

        CLASS   BANK1          

        CLASS   BANK2          

        CLASS   BANK3          

        CLASS   BANK4          

        CLASS   BANK5          

        CLASS   BANK6          

        CLASS   BANK7          

        CLASS   SFR            

        CLASS   FARRAM         

        CLASS   CONFIG         
                config                           300000   300000        E         0

        CLASS   IDLOC          
                idloc                            200000   200000        8         0

        CLASS   EEDATA         



SEGMENTS        Name                           Load    Length   Top    Selector   Space  Class

                reset_vec                      000000  000004  000004         0       0  CODE    
                cstackCOMRAM                   000001  000040  000041         1       1  COMRAM  
                intcode                        000008  00000C  000014         4       0  CODE    
                intcodelo                      000018  00008E  0000A6         C       0  CODE    
                cstackBANK0                    000060  000061  0000C1        60       1  BANK0   
                smallconst                     000800  00003E  00083E       400       0  SMALLCON
                text1                          00083E  00090A  001148       41F       0  CODE    
                idloc                          200000  000008  200008    200000       0  IDLOC   
                config                         300000  00000E  30000E    300000       0  CONFIG  


UNUSED ADDRESS RANGES

        Name                Unused          Largest block    Delta
        BANK0            0000C1-0000FF               3F
        BANK1            000100-0001FF              100
        BANK2            000200-0002FF              100
        BANK3            000300-0003FF              100
        BANK4            000400-0004FF              100
        BANK5            000500-0005FF              100
        BANK6            000600-0006FF              100
        BANK7            000700-0007FF              100
        BIGRAM           000041-00005F               1F
                         0000C1-0007FF              73F
        CODE             000004-000007                4
                         000014-000017                4
                         0000A6-0007FF              75A
                         001148-007FFF             6EB8
        COMRAM           000041-00005F               1F
        CONST            000004-000007                4
                         000014-000017                4
                         0000A6-0007FF              75A
                         001148-007FFF             6EB8
        EEDATA           F00000-F000FF              100
        MEDIUMCONST      001148-007FFF             6EB8
        RAM              0000C1-0007FF              100
        SFR              000F60-000FFF               A0
        SMALLCONST       001148-007FFF              100

                                  Symbol Table

?_OpenI2C                     cstackCOMRAM 000020
?_WriteI2C                    cstackCOMRAM 000020
?___lwdiv                     cstackCOMRAM 000020
?___lwmod                     cstackCOMRAM 000028
?___wmul                      cstackCOMRAM 000020
?_initLcd                     cstackCOMRAM 000024
?_isdigit                     cstackCOMRAM 000020
?_printStringLcd              cstackCOMRAM 000024
?_readTCN75                   cstackCOMRAM 000021
?_sprintf                     cstackBANK0  000060
?_write_cmd                   cstackCOMRAM 000021
OpenI2C@slew                  cstackCOMRAM 000021
OpenI2C@sync_mode             cstackCOMRAM 000020
WriteI2C@data_out             cstackCOMRAM 000020
_ADCON0                       (abs)        000FC2
_ADCON0bits                   (abs)        000FC2
_ADCON1                       (abs)        000FC1
_ADRESH                       (abs)        000FC4
_ConfigureOscillator          text18       001146
_IdleI2C                      text15       001130
_InitApp                      text17       00113C
_OpenI2C                      text12       0010D8
_PIR1bits                     (abs)        000F9E
_PORTAbits                    (abs)        000F80
_PORTBbits                    (abs)        000F81
_ReadI2C                      text7        0010BC
_SSPBUF                       (abs)        000FC9
_SSPCON1                      (abs)        000FC6
_SSPCON1bits                  (abs)        000FC6
_SSPCON2                      (abs)        000FC5
_SSPCON2bits                  (abs)        000FC5
_SSPSTAT                      (abs)        000FC7
_SSPSTATbits                  (abs)        000FC7
_TRISAbits                    (abs)        000F92
_TRISBbits                    (abs)        000F93
_WriteI2C                     text14       000F36
__CFG_BOR$ON                  (abs)        000000
__CFG_BORV$3                  (abs)        000000
__CFG_CCP2MX$ON               (abs)        000000
__CFG_CP0$OFF                 (abs)        000000
__CFG_CP1$OFF                 (abs)        000000
__CFG_CP2$OFF                 (abs)        000000
__CFG_CP3$OFF                 (abs)        000000
__CFG_CPB$OFF                 (abs)        000000
__CFG_CPD$OFF                 (abs)        000000
__CFG_CPUDIV$OSC1_PLL2        (abs)        000000
__CFG_EBTR0$OFF               (abs)        000000
__CFG_EBTR1$OFF               (abs)        000000
__CFG_EBTR2$OFF               (abs)        000000
__CFG_EBTR3$OFF               (abs)        000000
__CFG_EBTRB$OFF               (abs)        000000
__CFG_FCMEN$OFF               (abs)        000000
__CFG_FOSC$INTOSC_HS          (abs)        000000
__CFG_ICPRT$OFF               (abs)        000000
__CFG_IESO$OFF                (abs)        000000
__CFG_LPT1OSC$OFF             (abs)        000000
__CFG_LVP$OFF                 (abs)        000000
__CFG_MCLRE$ON                (abs)        000000
__CFG_PBADEN$ON               (abs)        000000
__CFG_PLLDIV$2                (abs)        000000
__CFG_PWRT$OFF                (abs)        000000
__CFG_STVREN$ON               (abs)        000000
__CFG_USBDIV$2                (abs)        000000
__CFG_VREGEN$OFF              (abs)        000000
__CFG_WDT$ON                  (abs)        000000
__CFG_WDTPS$32768             (abs)        000000
__CFG_WRT0$OFF                (abs)        000000
__CFG_WRT1$OFF                (abs)        000000
__CFG_WRT2$OFF                (abs)        000000
__CFG_WRT3$OFF                (abs)        000000
__CFG_WRTB$OFF                (abs)        000000
__CFG_WRTC$OFF                (abs)        000000
__CFG_WRTD$OFF                (abs)        000000
__CFG_XINST$OFF               (abs)        000000
__HRAM                        (abs)        000000
__Habs1                       abs1         000000
__Hbank0                      bank0        000000
__Hbank1                      bank1        000000
__Hbank2                      bank2        000000
__Hbank3                      bank3        000000
__Hbank4                      bank4        000000
__Hbank5                      bank5        000000
__Hbank6                      bank6        000000
__Hbank7                      bank7        000000
__Hbigbss                     bigbss       000000
__Hbigdata                    bigdata      000000
__Hbigram                     bigram       000000
__Hbss                        bss          000000
__HbssBANK0                   bssBANK0     000000
__Hcinit                      cinit        000000
__Hclrtext                    clrtext      000000
__Hcomram                     comram       000000
__Hconfig                     config       30000E
__Hconst                      const        000000
__HcstackBANK0                cstackBANK0  000000
__HcstackCOMRAM               cstackCOMRAM 000000
__Hdata                       data         000000
__HdataCOMRAM                 dataCOMRAM   000000
__Heeprom_data                eeprom_data  000000
__Hend_init                   end_init     0000A6
__Hfarbss                     farbss       000000
__Hfardata                    fardata      000000
__Hibigdata                   ibigdata     000000
__Hidata                      idata        000000
__HidataCOMRAM                idataCOMRAM  000000
__Hidloc                      idloc        200008
__Hifardata                   ifardata     000000
__Hinit                       init         0000A2
__Hintcode                    intcode      000014
__Hintcode_body               intcode_body 000000
__Hintcodelo                  intcodelo    0000A2
__Hintentry                   intentry     000000
__Hintret                     intret       000000
__Hintsave_regs               intsave_regs 000000
__Hirdata                     irdata       000000
__Hmediumconst                mediumconst  000000
__HnvFARRAM                   nvFARRAM     000000
__Hnvbit                      nvbit        000000
__Hnvrram                     nvrram       000000
__Hparam                      rparam       000000
__Hpowerup                    powerup      0000A2
__Hram                        ram          000000
__Hramtop                     ramtop       000800
__Hrbit                       rbit         000000
__Hrbss                       rbss         000000
__Hrdata                      rdata        000000
__Hreset_vec                  reset_vec    000004
__Hrparam                     rparam       000000
__Hsfr                        sfr          000000
__Hsmallconst                 smallconst   00083E
__Hstruct                     struct       000000
__Htemp                       temp         000000
__Htext                       text         000000
__Htext0                      text0        000000
__Htext1                      text1        000000
__Htext10                     text10       000000
__Htext11                     text11       000000
__Htext12                     text12       000000
__Htext13                     text13       000000
__Htext14                     text14       000000
__Htext15                     text15       000000
__Htext16                     text16       000000
__Htext17                     text17       000000
__Htext18                     text18       000000
__Htext2                      text2        000000
__Htext3                      text3        000000
__Htext4                      text4        000000
__Htext5                      text5        000000
__Htext6                      text6        000000
__Htext7                      text7        000000
__Htext8                      text8        000000
__Htext9                      text9        000000
__LRAM                        (abs)        000001
__Labs1                       abs1         000000
__Lbank0                      bank0        000000
__Lbank1                      bank1        000000
__Lbank2                      bank2        000000
__Lbank3                      bank3        000000
__Lbank4                      bank4        000000
__Lbank5                      bank5        000000
__Lbank6                      bank6        000000
__Lbank7                      bank7        000000
__Lbigbss                     bigbss       000000
__Lbigdata                    bigdata      000000
__Lbigram                     bigram       000000
__Lbss                        bss          000000
__LbssBANK0                   bssBANK0     000000
__Lcinit                      cinit        000000
__Lclrtext                    clrtext      000000
__Lcomram                     comram       000000
__Lconfig                     config       300000
__Lconst                      const        000000
__LcstackBANK0                cstackBANK0  000000
__LcstackCOMRAM               cstackCOMRAM 000000
__Ldata                       data         000000
__LdataCOMRAM                 dataCOMRAM   000000
__Leeprom_data                eeprom_data  000000
__Lend_init                   end_init     0000A2
__Lfarbss                     farbss       000000
__Lfardata                    fardata      000000
__Libigdata                   ibigdata     000000
__Lidata                      idata        000000
__LidataCOMRAM                idataCOMRAM  000000
__Lidloc                      idloc        200000
__Lifardata                   ifardata     000000
__Linit                       init         0000A2
__Lintcode                    intcode      000008
__Lintcode_body               intcode_body 000000
__Lintcodelo                  intcodelo    000018
__Lintentry                   intentry     000000
__Lintret                     intret       000000
__Lintsave_regs               intsave_regs 000000
__Lirdata                     irdata       000000
__Lmediumconst                mediumconst  000000
__LnvFARRAM                   nvFARRAM     000000
__Lnvbit                      nvbit        000000
__Lnvrram                     nvrram       000000
__Lparam                      rparam       000000
__Lpowerup                    powerup      0000A2
__Lram                        ram          000000
__Lramtop                     ramtop       000800
__Lrbit                       rbit         000000
__Lrbss                       rbss         000000
__Lrdata                      rdata        000000
__Lreset_vec                  reset_vec    000000
__Lrparam                     rparam       000000
__Lsfr                        sfr          000000
__Lsmallconst                 smallconst   000800
__Lstruct                     struct       000000
__Ltemp                       temp         000000
__Ltext                       text         000000
__Ltext0                      text0        000000
__Ltext1                      text1        000000
__Ltext10                     text10       000000
__Ltext11                     text11       000000
__Ltext12                     text12       000000
__Ltext13                     text13       000000
__Ltext14                     text14       000000
__Ltext15                     text15       000000
__Ltext16                     text16       000000
__Ltext17                     text17       000000
__Ltext18                     text18       000000
__Ltext2                      text2        000000
__Ltext3                      text3        000000
__Ltext4                      text4        000000
__Ltext5                      text5        000000
__Ltext6                      text6        000000
__Ltext7                      text7        000000
__Ltext8                      text8        000000
__Ltext9                      text9        000000
__S0                          (abs)        30000E
__S1                          (abs)        0000C1
___lwdiv                      text4        000EE0
___lwdiv@counter              cstackCOMRAM 000027
___lwdiv@dividend             cstackCOMRAM 000020
___lwdiv@divisor              cstackCOMRAM 000022
___lwdiv@quotient             cstackCOMRAM 000025
___lwmod                      text3        000F80
___lwmod@counter              cstackCOMRAM 00002D
___lwmod@dividend             cstackCOMRAM 000028
___lwmod@divisor              cstackCOMRAM 00002A
___wmul                       text2        001004
___wmul@multiplicand          cstackCOMRAM 000022
___wmul@multiplier            cstackCOMRAM 000020
___wmul@product               cstackCOMRAM 000024
__accesstop                   (abs)        000060
__activetblptr                (abs)        000002
__end_of_ConfigureOscillator  text18       001148
__end_of_IdleI2C              text15       00113C
__end_of_InitApp              text17       001146
__end_of_OpenI2C              text12       0010F4
__end_of_ReadI2C              text7        0010D8
__end_of_WriteI2C             text14       000F80
__end_of___lwdiv              text4        000F36
__end_of___lwmod              text3        000FC6
__end_of___wmul               text2        00103E
__end_of__initialization      cinit        00106A
__end_of__stringdata          smallconst   00083D
__end_of_clearLcd             text9        00110A
__end_of_dpowers              smallconst   00080A
__end_of_high_isr             intcode_body 000E1C
__end_of_initI2C              text11       001120
__end_of_initLcd              text10       000EE0
__end_of_isdigit              text5        001098
__end_of_low_isr              intcodelo    0000A2
__end_of_main                 text0        000D24
__end_of_printStringLcd       text8        000DB0
__end_of_readTCN75            text6        000E80
__end_of_resetLcd             text16       0010BC
__end_of_sprintf              text1        000BCE
__end_of_write_cmd            text13       001004
__initialization              cinit        00103E
__mediumconst                 mediumconst  000000
__pbssBANK0                   bssBANK0     0000A0
__pcinit                      cinit        00103E
__pcstackBANK0                cstackBANK0  000060
__pcstackCOMRAM               cstackCOMRAM 000001
__pdataCOMRAM                 dataCOMRAM   000031
__pidataCOMRAM                idataCOMRAM  001120
__pintcode                    intcode      000008
__pintcode_body               intcode_body 000DB0
__pintcodelo                  intcodelo    000018
__psmallconst                 smallconst   000800
__ptext0                      text0        000BCE
__ptext1                      text1        00083E
__ptext10                     text10       000E80
__ptext11                     text11       00110A
__ptext12                     text12       0010D8
__ptext13                     text13       000FC6
__ptext14                     text14       000F36
__ptext15                     text15       001130
__ptext16                     text16       001098
__ptext17                     text17       00113C
__ptext18                     text18       001146
__ptext2                      text2        001004
__ptext3                      text3        000F80
__ptext4                      text4        000EE0
__ptext5                      text5        001074
__ptext6                      text6        000E1C
__ptext7                      text7        0010BC
__ptext8                      text8        000D24
__ptext9                      text9        0010F4
__ramtop                      ramtop       000800
__size_of_ConfigureOscillator (abs)        000000
__size_of_IdleI2C             (abs)        000000
__size_of_InitApp             (abs)        000000
__size_of_OpenI2C             (abs)        000000
__size_of_ReadI2C             (abs)        000000
__size_of_WriteI2C            (abs)        000000
__size_of___lwdiv             (abs)        000000
__size_of___lwmod             (abs)        000000
__size_of___wmul              (abs)        000000
__size_of_clearLcd            (abs)        000000
__size_of_high_isr            (abs)        000000
__size_of_initI2C             (abs)        000000
__size_of_initLcd             (abs)        000000
__size_of_isdigit             (abs)        000000
__size_of_low_isr             (abs)        000000
__size_of_main                (abs)        000000
__size_of_printStringLcd      (abs)        000000
__size_of_readTCN75           (abs)        000000
__size_of_resetLcd            (abs)        000000
__size_of_sprintf             (abs)        000000
__size_of_write_cmd           (abs)        000000
__smallconst                  smallconst   000800
__stringdata                  smallconst   00080A
_clearLcd                     text9        0010F4
_dpowers                      smallconst   000800
_high_isr                     intcode      000008
_initI2C                      text11       00110A
_initLcd                      text10       000E80
_isdigit                      text5        001074
_isdigit$1286                 cstackCOMRAM 000022
_low_isr                      intcodelo    000018
_main                         text0        000BCE
_printStringLcd               text8        000D24
_readTCN75                    text6        000E1C
_resetLcd                     text16       001098
_sprintf                      text1        00083E
_uc3V3SupplyInitSequence      dataCOMRAM   000031
_uc5VSupplyInitSequence       dataCOMRAM   000039
_write_cmd                    text13       000FC6
end_of_initialization         cinit        00106A
initLcd@i                     cstackCOMRAM 00002B
initLcd@ucInitSequence        cstackCOMRAM 000029
initLcd@ulOptions             cstackCOMRAM 000024
int_func                      intcode_body 000DB0
intlevel0                     text         000000
intlevel1                     text         000000
intlevel2                     text         000000
intlevel3                     text         000000
isdigit@c                     cstackCOMRAM 000020
main@F5358                    bssBANK0     0000A0
main@count                    cstackBANK0  00009A
main@i                        cstackBANK0  00009C
main@i_364                    cstackBANK0  00009E
main@str                      cstackBANK0  000078
main@temp                     cstackBANK0  000099
printStringLcd@ucStr          cstackCOMRAM 000024
readTCN75@addr                cstackCOMRAM 000021
readTCN75@tmpHi               cstackCOMRAM 000024
resetLcd@i                    cstackCOMRAM 000020
sprintf@_val                  cstackBANK0  00006D
sprintf@ap                    cstackBANK0  00006A
sprintf@c                     cstackBANK0  000075
sprintf@f                     cstackBANK0  000062
sprintf@flag                  cstackBANK0  000072
sprintf@prec                  cstackBANK0  00006C
sprintf@sp                    cstackBANK0  000060
sprintf@width                 cstackBANK0  000073
start                         init         0000A2
start_initialization          cinit        00103E
write_cmd@ucCtrl              cstackCOMRAM 000021
write_cmd@ucData              cstackCOMRAM 000022


FUNCTION INFORMATION:

 *************** function _main *****************
 Defined at:
		line 39 in file "main.c"
 Parameters:    Size  Location     Type
		None
 Auto vars:     Size  Location     Type
  i               2   62[BANK0 ] int 
  i               2   60[BANK0 ] int 
  temp            1   57[BANK0 ] unsigned char 
  str            33   24[BANK0 ] unsigned char [33]
  count           2   58[BANK0 ] int 
 Return value:  Size  Location     Type
		None               void
 Registers used:
		wreg, fsr0l, fsr0h, fsr1l, fsr1h, fsr1l, fsr1h, fsr2l, fsr2h, status,2, status,0, pclat, btemp, btemp+1, btemp+2, btemp+3, btemp+4, btemp+5, btemp+6, btemp+7, tosl, structret, tblptrl, tblptrh, tblptru, prodl, prodh, bsr, cstack
 Tracked objects:
		On entry : 
		On exit  : 
		Unchanged: 
 Data sizes:     COMRAM   BANK0   BANK1   BANK2   BANK3   BANK4   BANK5   BANK6   BANK7
      Params:         0       0       0       0       0       0       0       0       0
      Locals:         0      40       0       0       0       0       0       0       0
      Temps:          0       2       0       0       0       0       0       0       0
      Totals:         0      42       0       0       0       0       0       0       0
Total ram usage:       42 bytes
 Hardware stack levels required when called:    6
 This function calls:
		_ConfigureOscillator
		_InitApp
		_resetLcd
		_initLcd
		_clearLcd
		_printStringLcd
		_write_cmd
		_readTCN75
		_sprintf
 This function is called by:
		Startup code after reset
 This function uses a non-reentrant model


 *************** function _sprintf *****************
 Defined at:
		line 493 in file "C:\Program Files (x86)\Microchip\xc8\v1.21\sources\common\doprnt.c"
 Parameters:    Size  Location     Type
  sp              2    0[BANK0 ] PTR unsigned char 
		 -> main@str(33), 
  f               2    2[BANK0 ] PTR const unsigned char 
		 -> STR_2(24), 
 Auto vars:     Size  Location     Type
  _val            5   13[BANK0 ] struct .
  width           2   19[BANK0 ] int 
  ap              2   10[BANK0 ] PTR void [1]
		 -> ?_sprintf(2), 
  c               1   21[BANK0 ] char 
  flag            1   18[BANK0 ] unsigned char 
  prec            1   12[BANK0 ] char 
 Return value:  Size  Location     Type
                  2    0[BANK0 ] int 
 Registers used:
		wreg, fsr2l, fsr2h, status,2, status,0, tblptrl, tblptrh, tblptru, prodl, prodh, cstack
 Tracked objects:
		On entry : 
		On exit  : 
		Unchanged: 
 Data sizes:     COMRAM   BANK0   BANK1   BANK2   BANK3   BANK4   BANK5   BANK6   BANK7
      Params:         0      10       0       0       0       0       0       0       0
      Locals:         0      12       0       0       0       0       0       0       0
      Temps:          3       0       0       0       0       0       0       0       0
      Totals:         3      22       0       0       0       0       0       0       0
Total ram usage:       25 bytes
 Hardware stack levels used:    1
 Hardware stack levels required when called:    3
 This function calls:
		_isdigit
		___lwdiv
		___lwmod
		___wmul
 This function is called by:
		_main
 This function uses a non-reentrant model


 *************** function ___wmul *****************
 Defined at:
		line 5 in file "C:\Program Files (x86)\Microchip\xc8\v1.21\sources\common\wmul.c"
 Parameters:    Size  Location     Type
  multiplier      2   31[COMRAM] unsigned int 
  multiplicand    2   33[COMRAM] unsigned int 
 Auto vars:     Size  Location     Type
  product         2   35[COMRAM] unsigned int 
 Return value:  Size  Location     Type
                  2   31[COMRAM] unsigned int 
 Registers used:
		wreg, status,2, status,0, prodl, prodh
 Tracked objects:
		On entry : 
		On exit  : 
		Unchanged: 
 Data sizes:     COMRAM   BANK0   BANK1   BANK2   BANK3   BANK4   BANK5   BANK6   BANK7
      Params:         4       0       0       0       0       0       0       0       0
      Locals:         2       0       0       0       0       0       0       0       0
      Temps:          0       0       0       0       0       0       0       0       0
      Totals:         6       0       0       0       0       0       0       0       0
Total ram usage:        6 bytes
 Hardware stack levels used:    1
 Hardware stack levels required when called:    2
 This function calls:
		Nothing
 This function is called by:
		_sprintf
 This function uses a non-reentrant model


 *************** function ___lwmod *****************
 Defined at:
		line 10 in file "C:\Program Files (x86)\Microchip\xc8\v1.21\sources\common\lwmod.c"
 Parameters:    Size  Location     Type
  dividend        2   39[COMRAM] unsigned int 
  divisor         2   41[COMRAM] unsigned int 
 Auto vars:     Size  Location     Type
  counter         1   44[COMRAM] unsigned char 
 Return value:  Size  Location     Type
                  2   39[COMRAM] unsigned int 
 Registers used:
		wreg, status,2, status,0
 Tracked objects:
		On entry : 
		On exit  : 
		Unchanged: 
 Data sizes:     COMRAM   BANK0   BANK1   BANK2   BANK3   BANK4   BANK5   BANK6   BANK7
      Params:         4       0       0       0       0       0       0       0       0
      Locals:         1       0       0       0       0       0       0       0       0
      Temps:          1       0       0       0       0       0       0       0       0
      Totals:         6       0       0       0       0       0       0       0       0
Total ram usage:        6 bytes
 Hardware stack levels used:    1
 Hardware stack levels required when called:    2
 This function calls:
		Nothing
 This function is called by:
		_sprintf
 This function uses a non-reentrant model


 *************** function ___lwdiv *****************
 Defined at:
		line 10 in file "C:\Program Files (x86)\Microchip\xc8\v1.21\sources\common\lwdiv.c"
 Parameters:    Size  Location     Type
  dividend        2   31[COMRAM] unsigned int 
  divisor         2   33[COMRAM] unsigned int 
 Auto vars:     Size  Location     Type
  quotient        2   36[COMRAM] unsigned int 
  counter         1   38[COMRAM] unsigned char 
 Return value:  Size  Location     Type
                  2   31[COMRAM] unsigned int 
 Registers used:
		wreg, status,2, status,0
 Tracked objects:
		On entry : 
		On exit  : 
		Unchanged: 
 Data sizes:     COMRAM   BANK0   BANK1   BANK2   BANK3   BANK4   BANK5   BANK6   BANK7
      Params:         4       0       0       0       0       0       0       0       0
      Locals:         3       0       0       0       0       0       0       0       0
      Temps:          1       0       0       0       0       0       0       0       0
      Totals:         8       0       0       0       0       0       0       0       0
Total ram usage:        8 bytes
 Hardware stack levels used:    1
 Hardware stack levels required when called:    2
 This function calls:
		Nothing
 This function is called by:
		_sprintf
 This function uses a non-reentrant model


 *************** function _isdigit *****************
 Defined at:
		line 13 in file "C:\Program Files (x86)\Microchip\xc8\v1.21\sources\common\isdigit.c"
 Parameters:    Size  Location     Type
  c               1   31[COMRAM] unsigned char 
 Auto vars:     Size  Location     Type
		None
 Return value:  Size  Location     Type
		None               void
 Registers used:
		wreg, status,2, status,0
 Tracked objects:
		On entry : 
		On exit  : 
		Unchanged: 
 Data sizes:     COMRAM   BANK0   BANK1   BANK2   BANK3   BANK4   BANK5   BANK6   BANK7
      Params:         1       0       0       0       0       0       0       0       0
      Locals:         1       0       0       0       0       0       0       0       0
      Temps:          1       0       0       0       0       0       0       0       0
      Totals:         3       0       0       0       0       0       0       0       0
Total ram usage:        3 bytes
 Hardware stack levels used:    1
 Hardware stack levels required when called:    2
 This function calls:
		Nothing
 This function is called by:
		_sprintf
 This function uses a non-reentrant model


 *************** function _readTCN75 *****************
 Defined at:
		line 92 in file "main.c"
 Parameters:    Size  Location     Type
  addr            1   32[COMRAM] const unsigned char 
 Auto vars:     Size  Location     Type
  tmpHi           1   35[COMRAM] unsigned char 
 Return value:  Size  Location     Type
                  2   32[COMRAM] short 
 Registers used:
		wreg, status,2, status,0, cstack
 Tracked objects:
		On entry : 
		On exit  : 
		Unchanged: 
 Data sizes:     COMRAM   BANK0   BANK1   BANK2   BANK3   BANK4   BANK5   BANK6   BANK7
      Params:         2       0       0       0       0       0       0       0       0
      Locals:         1       0       0       0       0       0       0       0       0
      Temps:          1       0       0       0       0       0       0       0       0
      Totals:         4       0       0       0       0       0       0       0       0
Total ram usage:        4 bytes
 Hardware stack levels used:    1
 Hardware stack levels required when called:    4
 This function calls:
		_IdleI2C
		_WriteI2C
		_ReadI2C
 This function is called by:
		_main
 This function uses a non-reentrant model


 *************** function _ReadI2C *****************
 Defined at:
		line 12 in file "C:\Program Files (x86)\Microchip\xc8\v1.21\sources\pic18\plib\i2c\i2c_read.c"
 Parameters:    Size  Location     Type
		None
 Auto vars:     Size  Location     Type
		None
 Return value:  Size  Location     Type
                  1    wreg      unsigned char 
 Registers used:
		wreg, status,2, status,0
 Tracked objects:
		On entry : 
		On exit  : 
		Unchanged: 
 Data sizes:     COMRAM   BANK0   BANK1   BANK2   BANK3   BANK4   BANK5   BANK6   BANK7
      Params:         0       0       0       0       0       0       0       0       0
      Locals:         0       0       0       0       0       0       0       0       0
      Temps:          0       0       0       0       0       0       0       0       0
      Totals:         0       0       0       0       0       0       0       0       0
Total ram usage:        0 bytes
 Hardware stack levels used:    1
 Hardware stack levels required when called:    2
 This function calls:
		Nothing
 This function is called by:
		_readTCN75
 This function uses a non-reentrant model


 *************** function _printStringLcd *****************
 Defined at:
		line 87 in file "midas_i2c_lcd.c"
 Parameters:    Size  Location     Type
  ucStr           2   35[COMRAM] PTR const unsigned char 
		 -> main@str(33), STR_1(27), 
 Auto vars:     Size  Location     Type
		None
 Return value:  Size  Location     Type
		None               void
 Registers used:
		wreg, fsr0l, fsr0h, fsr1l, fsr1h, fsr1l, fsr1h, fsr2l, fsr2h, status,2, status,0, pclat, btemp, btemp+1, btemp+2, btemp+3, btemp+4, btemp+5, btemp+6, btemp+7, tosl, structret, tblptrl, tblptrh, tblptru, prodl, prodh, bsr, cstack
 Tracked objects:
		On entry : 
		On exit  : 
		Unchanged: 
 Data sizes:     COMRAM   BANK0   BANK1   BANK2   BANK3   BANK4   BANK5   BANK6   BANK7
      Params:         2       0       0       0       0       0       0       0       0
      Locals:         0       0       0       0       0       0       0       0       0
      Temps:          2       0       0       0       0       0       0       0       0
      Totals:         4       0       0       0       0       0       0       0       0
Total ram usage:        4 bytes
 Hardware stack levels used:    1
 Hardware stack levels required when called:    5
 This function calls:
		_write_cmd
 This function is called by:
		_main
 This function uses a non-reentrant model


 *************** function _clearLcd *****************
 Defined at:
		line 82 in file "midas_i2c_lcd.c"
 Parameters:    Size  Location     Type
		None
 Auto vars:     Size  Location     Type
		None
 Return value:  Size  Location     Type
		None               void
 Registers used:
		wreg, fsr0l, fsr0h, fsr1l, fsr1h, fsr1l, fsr1h, fsr2l, fsr2h, status,2, status,0, pclat, btemp, btemp+1, btemp+2, btemp+3, btemp+4, btemp+5, btemp+6, btemp+7, tosl, structret, tblptrl, tblptrh, tblptru, prodl, prodh, bsr, cstack
 Tracked objects:
		On entry : 
		On exit  : 
		Unchanged: 
 Data sizes:     COMRAM   BANK0   BANK1   BANK2   BANK3   BANK4   BANK5   BANK6   BANK7
      Params:         0       0       0       0       0       0       0       0       0
      Locals:         0       0       0       0       0       0       0       0       0
      Temps:          2       0       0       0       0       0       0       0       0
      Totals:         2       0       0       0       0       0       0       0       0
Total ram usage:        2 bytes
 Hardware stack levels used:    1
 Hardware stack levels required when called:    5
 This function calls:
		_write_cmd
 This function is called by:
		_main
 This function uses a non-reentrant model


 *************** function _initLcd *****************
 Defined at:
		line 66 in file "midas_i2c_lcd.c"
 Parameters:    Size  Location     Type
  ulOptions       4   35[COMRAM] unsigned long 
 Auto vars:     Size  Location     Type
  i               2   42[COMRAM] int 
  ucInitSequen    2   40[COMRAM] PTR unsigned char 
		 -> uc3V3SupplyInitSequence(8), uc5VSupplyInitSequence(8), 
 Return value:  Size  Location     Type
		None               void
 Registers used:
		wreg, fsr0l, fsr0h, fsr1l, fsr1h, fsr1l, fsr1h, fsr2l, fsr2h, status,2, status,0, pclat, btemp, btemp+1, btemp+2, btemp+3, btemp+4, btemp+5, btemp+6, btemp+7, tosl, structret, tblptrl, tblptrh, tblptru, prodl, prodh, bsr, cstack
 Tracked objects:
		On entry : 
		On exit  : 
		Unchanged: 
 Data sizes:     COMRAM   BANK0   BANK1   BANK2   BANK3   BANK4   BANK5   BANK6   BANK7
      Params:         4       0       0       0       0       0       0       0       0
      Locals:         4       0       0       0       0       0       0       0       0
      Temps:          1       0       0       0       0       0       0       0       0
      Totals:         9       0       0       0       0       0       0       0       0
Total ram usage:        9 bytes
 Hardware stack levels used:    1
 Hardware stack levels required when called:    5
 This function calls:
		_write_cmd
		_initI2C
 This function is called by:
		_main
 This function uses a non-reentrant model


 *************** function _initI2C *****************
 Defined at:
		line 55 in file "midas_i2c_lcd.c"
 Parameters:    Size  Location     Type
		None
 Auto vars:     Size  Location     Type
		None
 Return value:  Size  Location     Type
		None               void
 Registers used:
		wreg, status,2, status,0, cstack
 Tracked objects:
		On entry : 
		On exit  : 
		Unchanged: 
 Data sizes:     COMRAM   BANK0   BANK1   BANK2   BANK3   BANK4   BANK5   BANK6   BANK7
      Params:         0       0       0       0       0       0       0       0       0
      Locals:         0       0       0       0       0       0       0       0       0
      Temps:          2       0       0       0       0       0       0       0       0
      Totals:         2       0       0       0       0       0       0       0       0
Total ram usage:        2 bytes
 Hardware stack levels used:    1
 Hardware stack levels required when called:    3
 This function calls:
		_OpenI2C
 This function is called by:
		_initLcd
 This function uses a non-reentrant model


 *************** function _OpenI2C *****************
 Defined at:
		line 15 in file "C:\Program Files (x86)\Microchip\xc8\v1.21\sources\pic18\plib\i2c\i2c_open.c"
 Parameters:    Size  Location     Type
  sync_mode       1   31[COMRAM] unsigned char 
  slew            1   32[COMRAM] unsigned char 
 Auto vars:     Size  Location     Type
		None
 Return value:  Size  Location     Type
		None               void
 Registers used:
		wreg, status,2, status,0
 Tracked objects:
		On entry : 
		On exit  : 
		Unchanged: 
 Data sizes:     COMRAM   BANK0   BANK1   BANK2   BANK3   BANK4   BANK5   BANK6   BANK7
      Params:         2       0       0       0       0       0       0       0       0
      Locals:         0       0       0       0       0       0       0       0       0
      Temps:          0       0       0       0       0       0       0       0       0
      Totals:         2       0       0       0       0       0       0       0       0
Total ram usage:        2 bytes
 Hardware stack levels used:    1
 Hardware stack levels required when called:    2
 This function calls:
		Nothing
 This function is called by:
		_initI2C
 This function uses a non-reentrant model


 *************** function _write_cmd *****************
 Defined at:
		line 40 in file "midas_i2c_lcd.c"
 Parameters:    Size  Location     Type
  ucCtrl          1   32[COMRAM] unsigned char 
  ucData          1   33[COMRAM] unsigned char 
 Auto vars:     Size  Location     Type
		None
 Return value:  Size  Location     Type
		None               void
 Registers used:
		wreg, status,2, status,0, cstack
 Tracked objects:
		On entry : 
		On exit  : 
		Unchanged: 
 Data sizes:     COMRAM   BANK0   BANK1   BANK2   BANK3   BANK4   BANK5   BANK6   BANK7
      Params:         2       0       0       0       0       0       0       0       0
      Locals:         0       0       0       0       0       0       0       0       0
      Temps:          1       0       0       0       0       0       0       0       0
      Totals:         3       0       0       0       0       0       0       0       0
Total ram usage:        3 bytes
 Hardware stack levels used:    1
 Hardware stack levels required when called:    4
 This function calls:
		_IdleI2C
		_WriteI2C
 This function is called by:
		_main
		_initLcd
		_clearLcd
		_printStringLcd
 This function uses a non-reentrant model


 *************** function _WriteI2C *****************
 Defined at:
		line 13 in file "C:\Program Files (x86)\Microchip\xc8\v1.21\sources\pic18\plib\i2c\i2c_writ.c"
 Parameters:    Size  Location     Type
  data_out        1   31[COMRAM] unsigned char 
 Auto vars:     Size  Location     Type
		None
 Return value:  Size  Location     Type
                  1    wreg      char 
 Registers used:
		wreg, status,2, status,0, cstack
 Tracked objects:
		On entry : 
		On exit  : 
		Unchanged: 
 Data sizes:     COMRAM   BANK0   BANK1   BANK2   BANK3   BANK4   BANK5   BANK6   BANK7
      Params:         1       0       0       0       0       0       0       0       0
      Locals:         0       0       0       0       0       0       0       0       0
      Temps:          0       0       0       0       0       0       0       0       0
      Totals:         1       0       0       0       0       0       0       0       0
Total ram usage:        1 bytes
 Hardware stack levels used:    1
 Hardware stack levels required when called:    3
 This function calls:
		_IdleI2C
 This function is called by:
		_readTCN75
		_write_cmd
 This function uses a non-reentrant model


 *************** function _IdleI2C *****************
 Defined at:
		line 25 in file "C:\Program Files (x86)\Microchip\xc8\v1.21\sources\pic18\plib\i2c\i2c_idle.c"
 Parameters:    Size  Location     Type
		None
 Auto vars:     Size  Location     Type
		None
 Return value:  Size  Location     Type
		None               void
 Registers used:
		wreg, status,2, status,0
 Tracked objects:
		On entry : 
		On exit  : 
		Unchanged: 
 Data sizes:     COMRAM   BANK0   BANK1   BANK2   BANK3   BANK4   BANK5   BANK6   BANK7
      Params:         0       0       0       0       0       0       0       0       0
      Locals:         0       0       0       0       0       0       0       0       0
      Temps:          0       0       0       0       0       0       0       0       0
      Totals:         0       0       0       0       0       0       0       0       0
Total ram usage:        0 bytes
 Hardware stack levels used:    1
 Hardware stack levels required when called:    2
 This function calls:
		Nothing
 This function is called by:
		_readTCN75
		_write_cmd
		_WriteI2C
 This function uses a non-reentrant model


 *************** function _resetLcd *****************
 Defined at:
		line 85 in file "main.c"
 Parameters:    Size  Location     Type
		None
 Auto vars:     Size  Location     Type
  i               2   31[COMRAM] int 
 Return value:  Size  Location     Type
		None               void
 Registers used:
		wreg, status,2, status,0
 Tracked objects:
		On entry : 
		On exit  : 
		Unchanged: 
 Data sizes:     COMRAM   BANK0   BANK1   BANK2   BANK3   BANK4   BANK5   BANK6   BANK7
      Params:         0       0       0       0       0       0       0       0       0
      Locals:         2       0       0       0       0       0       0       0       0
      Temps:          0       0       0       0       0       0       0       0       0
      Totals:         2       0       0       0       0       0       0       0       0
Total ram usage:        2 bytes
 Hardware stack levels used:    1
 Hardware stack levels required when called:    2
 This function calls:
		Nothing
 This function is called by:
		_main
 This function uses a non-reentrant model


 *************** function _InitApp *****************
 Defined at:
		line 28 in file "user.c"
 Parameters:    Size  Location     Type
		None
 Auto vars:     Size  Location     Type
		None
 Return value:  Size  Location     Type
		None               void
 Registers used:
		wreg, status,2, status,0
 Tracked objects:
		On entry : 
		On exit  : 
		Unchanged: 
 Data sizes:     COMRAM   BANK0   BANK1   BANK2   BANK3   BANK4   BANK5   BANK6   BANK7
      Params:         0       0       0       0       0       0       0       0       0
      Locals:         0       0       0       0       0       0       0       0       0
      Temps:          0       0       0       0       0       0       0       0       0
      Totals:         0       0       0       0       0       0       0       0       0
Total ram usage:        0 bytes
 Hardware stack levels used:    1
 Hardware stack levels required when called:    2
 This function calls:
		Nothing
 This function is called by:
		_main
 This function uses a non-reentrant model


 *************** function _ConfigureOscillator *****************
 Defined at:
		line 25 in file "system.c"
 Parameters:    Size  Location     Type
		None
 Auto vars:     Size  Location     Type
		None
 Return value:  Size  Location     Type
		None               void
 Registers used:
		None
 Tracked objects:
		On entry : 
		On exit  : 
		Unchanged: 
 Data sizes:     COMRAM   BANK0   BANK1   BANK2   BANK3   BANK4   BANK5   BANK6   BANK7
      Params:         0       0       0       0       0       0       0       0       0
      Locals:         0       0       0       0       0       0       0       0       0
      Temps:          0       0       0       0       0       0       0       0       0
      Totals:         0       0       0       0       0       0       0       0       0
Total ram usage:        0 bytes
 Hardware stack levels used:    1
 Hardware stack levels required when called:    2
 This function calls:
		Nothing
 This function is called by:
		_main
 This function uses a non-reentrant model


 *************** function _low_isr *****************
 Defined at:
		line 75 in file "interrupts.c"
 Parameters:    Size  Location     Type
		None
 Auto vars:     Size  Location     Type
		None
 Return value:  Size  Location     Type
		None               void
 Registers used:
		None
 Tracked objects:
		On entry : 
		On exit  : 
		Unchanged: 
 Data sizes:     COMRAM   BANK0   BANK1   BANK2   BANK3   BANK4   BANK5   BANK6   BANK7
      Params:         0       0       0       0       0       0       0       0       0
      Locals:         0       0       0       0       0       0       0       0       0
      Temps:         17       0       0       0       0       0       0       0       0
      Totals:        17       0       0       0       0       0       0       0       0
Total ram usage:       17 bytes
 Hardware stack levels used:    1
 Hardware stack levels required when called:    1
 This function calls:
		Nothing
 This function is called by:
		Interrupt level 1
 This function uses a non-reentrant model


 *************** function _high_isr *****************
 Defined at:
		line 36 in file "interrupts.c"
 Parameters:    Size  Location     Type
		None
 Auto vars:     Size  Location     Type
		None
 Return value:  Size  Location     Type
		None               void
 Registers used:
		None
 Tracked objects:
		On entry : 
		On exit  : 
		Unchanged: 
 Data sizes:     COMRAM   BANK0   BANK1   BANK2   BANK3   BANK4   BANK5   BANK6   BANK7
      Params:         0       0       0       0       0       0       0       0       0
      Locals:         0       0       0       0       0       0       0       0       0
      Temps:         14       0       0       0       0       0       0       0       0
      Totals:        14       0       0       0       0       0       0       0       0
Total ram usage:       14 bytes
 Hardware stack levels used:    1
 This function calls:
		Nothing
 This function is called by:
		Interrupt level 2
 This function uses a non-reentrant model



MODULE INFORMATION

Module		Function		Class		Link	Load	Size
C:\Program Files (x86)\Microchip\xc8\v1.21\sources\common\lwdiv.c
		___lwdiv       		CODE           	0EE0	0000	86

C:\Program Files (x86)\Microchip\xc8\v1.21\sources\common\lwdiv.c estimated size: 86

C:\Program Files (x86)\Microchip\xc8\v1.21\sources\pic18\plib\i2c\i2c_writ.c
		_WriteI2C      		CODE           	0F36	0000	74

C:\Program Files (x86)\Microchip\xc8\v1.21\sources\pic18\plib\i2c\i2c_writ.c estimated size: 74

C:\Program Files (x86)\Microchip\xc8\v1.21\sources\common\wmul.c
		___wmul        		CODE           	1004	0000	58

C:\Program Files (x86)\Microchip\xc8\v1.21\sources\common\wmul.c estimated size: 58

C:\Program Files (x86)\Microchip\xc8\v1.21\sources\pic18\plib\i2c\i2c_read.c
		_ReadI2C       		CODE           	10BC	0000	28

C:\Program Files (x86)\Microchip\xc8\v1.21\sources\pic18\plib\i2c\i2c_read.c estimated size: 28

shared
		__stringdata   		SMALLCONST     	080A	0000	51
		_dpowers       		SMALLCONST     	0800	0000	10
		__initializatio		CODE           	103E	0000	44

shared estimated size: 105

C:\Program Files (x86)\Microchip\xc8\v1.21\sources\common\doprnt.c
		_sprintf       		CODE           	083E	0000	912

C:\Program Files (x86)\Microchip\xc8\v1.21\sources\common\doprnt.c estimated size: 912

C:\Program Files (x86)\Microchip\xc8\v1.21\sources\common\isdigit.c
		_isdigit       		CODE           	1074	0000	36

C:\Program Files (x86)\Microchip\xc8\v1.21\sources\common\isdigit.c estimated size: 36

main.c
		_main          		CODE           	0BCE	0000	342
		_resetLcd      		CODE           	1098	0000	36
		_readTCN75     		CODE           	0E1C	0000	100

main.c estimated size: 478

system.c
		_ConfigureOscil		CODE           	1146	0000	2

system.c estimated size: 2

interrupts.c
		_high_isr      		CODE           	0008	0000	3604
		_low_isr       		CODE           	0018	0000	138

interrupts.c estimated size: 3742

midas_i2c_lcd.c
		_printStringLcd		CODE           	0D24	0000	140
		_write_cmd     		CODE           	0FC6	0000	62
		_initI2C       		CODE           	110A	0000	22
		_initLcd       		CODE           	0E80	0000	96
		_clearLcd      		CODE           	10F4	0000	22

midas_i2c_lcd.c estimated size: 342

C:\Program Files (x86)\Microchip\xc8\v1.21\sources\pic18\plib\i2c\i2c_open.c
		_OpenI2C       		CODE           	10D8	0000	28

C:\Program Files (x86)\Microchip\xc8\v1.21\sources\pic18\plib\i2c\i2c_open.c estimated size: 28

user.c
		_InitApp       		CODE           	113C	0000	10

user.c estimated size: 10

C:\Program Files (x86)\Microchip\xc8\v1.21\sources\pic18\plib\i2c\i2c_idle.c
		_IdleI2C       		CODE           	1130	0000	12

C:\Program Files (x86)\Microchip\xc8\v1.21\sources\pic18\plib\i2c\i2c_idle.c estimated size: 12

C:\Program Files (x86)\Microchip\xc8\v1.21\sources\common\lwmod.c
		___lwmod       		CODE           	0F80	0000	70

C:\Program Files (x86)\Microchip\xc8\v1.21\sources\common\lwmod.c estimated size: 70

