Microchip MPLAB XC8 Compiler V1.21 ()

Linker command line:

--edf=C:\Program Files (x86)\Microchip\xc8\v1.21\dat\en_msgs.txt -cs \
  -h+dist/default/debug\PIC18F2550BB_USB_BASE.debug.sym \
  --cmf=dist/default/debug\PIC18F2550BB_USB_BASE.debug.cmf -z -Q18F2550 \
  -oC:\Users\HA8F8~1.ANG\AppData\Local\Temp\s6t0.6 \
  -Mdist/default/debug/PIC18F2550BB_USB_BASE.debug.map -E1 -ver=XC8 \
  -ACODE=00h-07CFFh -ACONST=00h-07CFFh -ASMALLCONST=0800h-08FFhx117 \
  -AMEDIUMCONST=0800h-07CFFh -ACOMRAM=01h-05Fh -AABS1=00h-03EEh,0400h-07FFh \
  -ABIGRAM=01h-03EEh,0400h-07FFh \
  -ARAM=060h-0FFh,0100h-01FFhx2,0300h-03EEh,0400h-04FFhx4 -ABANK0=060h-0FFh \
  -ABANK1=0100h-01FFh -ABANK2=0200h-02FFh -ABANK3=0300h-03EEh \
  -ABANK4=0400h-04FFh -ABANK5=0500h-05FFh -ABANK6=0600h-06FFh \
  -ABANK7=0700h-07FFh \
  -ASFR=0F60h-0F9Bh,0F9Dh-0FD3h,0FD5h-0FDAh,0FE0h-0FE2h,0FE8h-0FEAh,0FF0h-0FFBh \
  -preset_vec=00h,intcode,intcodelo,powerup,init,end_init -pramtop=0800h \
  -psmallconst=SMALLCONST -pmediumconst=MEDIUMCONST -pconst=CONST \
  -AFARRAM=00h-00h -ACONFIG=0300000h-030000Dh -pconfig=CONFIG \
  -AIDLOC=0200000h-0200007h -pidloc=IDLOC -AEEDATA=0F00000h-0F000FFh \
  -peeprom_data=EEDATA \
  -prdata=COMRAM,nvrram=COMRAM,nvbit=COMRAM,rbss=COMRAM,rbit=COMRAM \
  -pfarbss=FARRAM,fardata=FARRAM,nvFARRAM=FARRAM \
  -pintsave_regs=BIGRAM,bigbss=BIGRAM,bigdata=BIGRAM -pbss=RAM \
  -pidata=CODE,irdata=CODE,ibigdata=CODE,ifardata=CODE \
  C:\Users\HA8F8~1.ANG\AppData\Local\Temp\s6t0.obj \
  dist/default/debug\PIC18F2550BB_USB_BASE.debug.obj 

Object code version is 3.11

Machine type is 18F2550

Call graph: (short form)




                Name                               Link     Load   Length Selector   Space Scale
C:\Users\HA8F8~1.ANG\AppData\Local\Temp\s6t0.obj
                end_init                              2        2        4        0       0
                reset_vec                             0        0        2        0       0
                idloc                            200000   200000        8   200000       0
                config                           300000   300000        E   300000       0
dist/default/debug\PIC18F2550BB_USB_BASE.debug.obj
                smallconst                          800      800       AE      400       0
                text43                             2310     2310        A      457       0
                text42                             1FD8     1FD8       58      457       0
                text41                             1C18     1C18       8E      457       0
                text40                             2030     2030       54      457       0
                text39                             22DA     22DA       12      457       0
                text38                             226A     226A       18      457       0
                text37                             1F12     1F12       68      457       0
                text36                             13D2     13D2      16C      457       0
                text35                             2212     2212       22      457       0
                text34                             231A     231A        2      457       0
                text33                             2196     2196       2E      457       0
                text32                             2132     2132       36      457       0
                text31                             2234     2234       1E      457       0
                text30                             21EC     21EC       26      457       0
                text29                             2084     2084       40      457       0
                text28                             125A     125A      178      457       0
                text27                             1794     1794      128      457       0
                text26                              8AE      8AE      5A4      457       0
                text25                             166C     166C      128      457       0
                text24                              E52      E52      256      457       0
                text23                             10A8     10A8      1B2      457       0
                text22                             1D2E     1D2E       86      457       0
                text21                             1EA8     1EA8       6A      457       0
                text20                             153E     153E      12E      457       0
                text19                             1DB4     1DB4       82      457       0
                text18                             21C4     21C4       28      457       0
                text17                             22C4     22C4       16      457       0
                text16                             22AE     22AE       16      457       0
                text15                             2298     2298       16      457       0
                text14                             18BC     18BC       E6      457       0
                text13                             1E36     1E36       72      457       0
                text12                             1B88     1B88       90      457       0
                text11                             19A2     19A2       B0      457       0
                text10                             1F7A     1F7A       5E      457       0
                text9                              1A52     1A52       9E      457       0
                text8                              2168     2168       2E      457       0
                text7                              2252     2252       18      457       0
                text6                              20C4     20C4       38      457       0
                text5                              1CA6     1CA6       88      457       0
                text4                              22EC     22EC       10      457       0
                text3                              2306     2306        A      457       0
                text2                              22FC     22FC        A      457       0
                text1                              2282     2282       16      457       0
                text0                              1AF0     1AF0       98      457       0
                cstackCOMRAM                          1        1       2E        1       1
                bssBANK1                            100      100      100      100       1
                bssBANK0                             60       60       74       60       1
                bssCOMRAM                            2F       2F       2D        1       1
                cinit                              20FC     20FC       36      457       0
                nvBANK0                              D4       D4       11       60       1
                nvCOMRAM                             5C       5C        3        1       1

TOTAL           Name                               Link     Load   Length     Space
        CLASS   CODE           
                end_init                              2        2        4         0
                reset_vec                             0        0        2         0
                text43                             2310     2310        A         0
                text42                             1FD8     1FD8       58         0
                text41                             1C18     1C18       8E         0
                text40                             2030     2030       54         0
                text39                             22DA     22DA       12         0
                text38                             226A     226A       18         0
                text37                             1F12     1F12       68         0
                text36                             13D2     13D2      16C         0
                text35                             2212     2212       22         0
                text34                             231A     231A        2         0
                text33                             2196     2196       2E         0
                text32                             2132     2132       36         0
                text31                             2234     2234       1E         0
                text30                             21EC     21EC       26         0
                text29                             2084     2084       40         0
                text28                             125A     125A      178         0
                text27                             1794     1794      128         0
                text26                              8AE      8AE      5A4         0
                text25                             166C     166C      128         0
                text24                              E52      E52      256         0
                text23                             10A8     10A8      1B2         0
                text22                             1D2E     1D2E       86         0
                text21                             1EA8     1EA8       6A         0
                text20                             153E     153E      12E         0
                text19                             1DB4     1DB4       82         0
                text18                             21C4     21C4       28         0
                text17                             22C4     22C4       16         0
                text16                             22AE     22AE       16         0
                text15                             2298     2298       16         0
                text14                             18BC     18BC       E6         0
                text13                             1E36     1E36       72         0
                text12                             1B88     1B88       90         0
                text11                             19A2     19A2       B0         0
                text10                             1F7A     1F7A       5E         0
                text9                              1A52     1A52       9E         0
                text8                              2168     2168       2E         0
                text7                              2252     2252       18         0
                text6                              20C4     20C4       38         0
                text5                              1CA6     1CA6       88         0
                text4                              22EC     22EC       10         0
                text3                              2306     2306        A         0
                text2                              22FC     22FC        A         0
                text1                              2282     2282       16         0
                text0                              1AF0     1AF0       98         0
                cinit                              20FC     20FC       36         0

        CLASS   CONST          

        CLASS   SMALLCONST     
                smallconst                          800      800       AE         0

        CLASS   MEDIUMCONST    

        CLASS   COMRAM         
                cstackCOMRAM                          1        1       2E         1
                bssCOMRAM                            2F       2F       2D         1
                nvCOMRAM                             5C       5C        3         1

        CLASS   ABS1           

        CLASS   BIGRAM         

        CLASS   RAM            

        CLASS   BANK0          
                bssBANK0                             60       60       74         1
                nvBANK0                              D4       D4       11         1

        CLASS   BANK1          
                bssBANK1                            100      100      100         1

        CLASS   BANK2          

        CLASS   BANK3          

        CLASS   BANK4          

        CLASS   BANK5          

        CLASS   BANK6          

        CLASS   BANK7          

        CLASS   SFR            

        CLASS   FARRAM         

        CLASS   CONFIG         
                config                           300000   300000        E         0

        CLASS   IDLOC          
                idloc                            200000   200000        8         0

        CLASS   EEDATA         



SEGMENTS        Name                           Load    Length   Top    Selector   Space  Class

                reset_vec                      000000  000006  000006         0       0  CODE    
                cstackCOMRAM                   000001  00005E  00005F         1       1  COMRAM  
                bssBANK0                       000060  000085  0000E5        60       1  BANK0   
                bssBANK1                       000100  000100  000200       100       1  BANK1   
                smallconst                     000800  0000AE  0008AE       400       0  SMALLCON
                text26                         0008AE  001A6E  00231C       457       0  CODE    
                idloc                          200000  000008  200008    200000       0  IDLOC   
                config                         300000  00000E  30000E    300000       0  CONFIG  


UNUSED ADDRESS RANGES

        Name                Unused          Largest block    Delta
        BANK0            0000E5-0000FF               1B
        BANK2            000200-0002FF              100
        BANK3            000300-0003EE               EF
        BANK4            000400-0004FF              100
        BANK5            000500-0005FF              100
        BANK6            000600-0006FF              100
        BANK7            000700-0007FF              100
        BIGRAM           00005F-00005F                1
                         0000E5-0000FF               1B
                         000200-0003EE              1EF
                         000400-0007FF              400
        CODE             000006-0007FF              7FA
                         00231C-007CFF             59E4
        COMRAM           00005F-00005F                1
        CONST            000006-0007FF              7FA
                         00231C-007CFF             59E4
        EEDATA           F00000-F000FF              100
        MEDIUMCONST      00231C-007CFF             59E4
        RAM              0000E5-0000FF               1B
                         000200-0003EE              100
                         000400-0007FF              100
        SFR              000F60-000F9B               3C
                         000F9D-000FD3               37
                         000FD5-000FDA                6
                         000FE0-000FE2                3
                         000FE8-000FEA                3
                         000FF0-000FFB                C
        SMALLCONST       00231C-007CFF              100

                                  Symbol Table

?_Delay10KTCYx                                cstackCOMRAM 000001
?___awdiv                                     cstackCOMRAM 000001
?___lldiv                                     cstackCOMRAM 000001
?___llmod                                     cstackCOMRAM 000001
?_memcpy                                      cstackCOMRAM 000001
?_peek_getc_cdc                               cstackCOMRAM 00002B
?_putc_cdc                                    cstackCOMRAM 000003
?_putda_cdc                                   cstackCOMRAM 000001
?_usb_ack_dat1                                cstackCOMRAM 000001
?_usb_handle_StandardDeviceRequest            cstackCOMRAM 000010
?_usb_handle_StandardEndpointRequest          cstackCOMRAM 000003
?_usb_handle_StandardInterfaceRequest         cstackCOMRAM 000003
?_usb_init                                    cstackCOMRAM 000007
?_usb_register_class_setup_handler            cstackCOMRAM 000001
?_usb_register_sof_handler                    cstackCOMRAM 000001
?_usb_set_in_handler                          cstackCOMRAM 000001
?_usb_set_out_handler                         cstackCOMRAM 000001
ClearUSBtoDefault@i                           cstackCOMRAM 000003
Delay10KTCYx@unit                             cstackCOMRAM 000001
_ADCON1                                       (abs)        000FC1
_CDCFlushOnTimeout                            text37       001F12
_CDCFunctionError                             bssCOMRAM    000048
_CDC_Inbdp                                    bssCOMRAM    000032
_CDC_Outbdp                                   bssCOMRAM    000034
_CVRCON                                       (abs)        000FB5
_ClearUSBtoDefault                            text36       0013D2
_DATA4                                        bssCOMRAM    000049
_Delay10KTCYx                                 text1        002282
_EP0_Inbdp                                    bssCOMRAM    000036
_EP0_Outbdp                                   bssCOMRAM    000038
_InPtr                                        bssCOMRAM    00003A
_IsInBufferA                                  bssCOMRAM    00004A
_IsOutBufferA                                 bssCOMRAM    00004B
_IsSuspended                                  bssCOMRAM    00004C
_LineStateUpdated                             bssCOMRAM    00004D
_OutPtr                                       bssCOMRAM    00003C
_PA                                           bssCOMRAM    00004E
_PB                                           bssCOMRAM    00004F
_PORTBbits                                    (abs)        000F81
_RS                                           bssCOMRAM    000050
_SPBRG                                        (abs)        000FAF
_SPBRGH                                       (abs)        000FB0
_SetupBoard                                   text2        0022FC
_TRISBbits                                    (abs)        000F93
_UADDR                                        (abs)        000F6E
_UCFG                                         (abs)        000F6F
_UCONbits                                     (abs)        000F6D
_UEIR                                         (abs)        000F6A
_UEP0                                         (abs)        000F70
_UEP1                                         (abs)        000F71
_UEP2                                         (abs)        000F72
_UIR                                          (abs)        000F68
_UIRbits                                      (abs)        000F68
_USBSuspend                                   text34       00231A
_USTAT                                        (abs)        000F6C
_WaitOutReady                                 text39       0022DA
_ZLPpending                                   bssCOMRAM    000051
__CFG_BOR$ON                                  (abs)        000000
__CFG_BORV$3                                  (abs)        000000
__CFG_CP0$OFF                                 (abs)        000000
__CFG_CP1$OFF                                 (abs)        000000
__CFG_CP3$OFF                                 (abs)        000000
__CFG_CPB$OFF                                 (abs)        000000
__CFG_CPUDIV$OSC1_PLL2                        (abs)        000000
__CFG_EBTR0$OFF                               (abs)        000000
__CFG_EBTR1$OFF                               (abs)        000000
__CFG_EBTR3$OFF                               (abs)        000000
__CFG_EBTRB$OFF                               (abs)        000000
__CFG_FCMEN$OFF                               (abs)        000000
__CFG_FOSC$HSPLL_HS                           (abs)        000000
__CFG_IESO$OFF                                (abs)        000000
__CFG_LPT1OSC$OFF                             (abs)        000000
__CFG_LVP$OFF                                 (abs)        000000
__CFG_MCLRE$ON                                (abs)        000000
__CFG_PBADEN$OFF                              (abs)        000000
__CFG_PLLDIV$5                                (abs)        000000
__CFG_PWRT$OFF                                (abs)        000000
__CFG_STVREN$ON                               (abs)        000000
__CFG_USBDIV$2                                (abs)        000000
__CFG_VREGEN$ON                               (abs)        000000
__CFG_WDT$OFF                                 (abs)        000000
__CFG_WDTPS$32768                             (abs)        000000
__CFG_WRT0$OFF                                (abs)        000000
__CFG_WRT1$OFF                                (abs)        000000
__CFG_WRT3$OFF                                (abs)        000000
__CFG_WRTB$OFF                                (abs)        000000
__CFG_WRTC$OFF                                (abs)        000000
__CFG_XINST$OFF                               (abs)        000000
__HRAM                                        (abs)        000000
__Habs1                                       abs1         000000
__Hbank0                                      bank0        000000
__Hbank1                                      bank1        000000
__Hbank2                                      bank2        000000
__Hbank3                                      bank3        000000
__Hbank4                                      bank4        000000
__Hbank5                                      bank5        000000
__Hbank6                                      bank6        000000
__Hbank7                                      bank7        000000
__Hbigbss                                     bigbss       000000
__Hbigdata                                    bigdata      000000
__Hbigram                                     bigram       000000
__Hbss                                        bss          000000
__HbssBANK0                                   bssBANK0     000000
__HbssBANK1                                   bssBANK1     000000
__HbssCOMRAM                                  bssCOMRAM    000000
__Hcinit                                      cinit        000000
__Hclrtext                                    clrtext      000000
__Hcomram                                     comram       000000
__Hconfig                                     config       30000E
__Hconst                                      const        000000
__HcstackCOMRAM                               cstackCOMRAM 000000
__Hdata                                       data         000000
__Heeprom_data                                eeprom_data  000000
__Hend_init                                   end_init     000006
__Hfarbss                                     farbss       000000
__Hfardata                                    fardata      000000
__Hibigdata                                   ibigdata     000000
__Hidata                                      idata        000000
__Hidloc                                      idloc        200008
__Hifardata                                   ifardata     000000
__Hinit                                       init         000002
__Hintcode                                    intcode      000002
__Hintcode_body                               intcode_body 000000
__Hintcodelo                                  intcodelo    000002
__Hintentry                                   intentry     000000
__Hintret                                     intret       000000
__Hintsave_regs                               intsave_regs 000000
__Hirdata                                     irdata       000000
__Hmediumconst                                mediumconst  000000
__HnvBANK0                                    nvBANK0      000000
__HnvCOMRAM                                   nvCOMRAM     000000
__HnvFARRAM                                   nvFARRAM     000000
__Hnvbit                                      nvbit        000000
__Hnvrram                                     nvrram       000000
__Hparam                                      rparam       000000
__Hpowerup                                    powerup      000002
__Hram                                        ram          000000
__Hramtop                                     ramtop       000800
__Hrbit                                       rbit         000000
__Hrbss                                       rbss         000000
__Hrdata                                      rdata        000000
__Hreset_vec                                  reset_vec    000002
__Hrparam                                     rparam       000000
__Hsfr                                        sfr          000000
__Hsmallconst                                 smallconst   0008AE
__Hstruct                                     struct       000000
__Htemp                                       temp         000000
__Htext                                       text         000000
__Htext0                                      text0        000000
__Htext1                                      text1        000000
__Htext10                                     text10       000000
__Htext11                                     text11       000000
__Htext12                                     text12       000000
__Htext13                                     text13       000000
__Htext14                                     text14       000000
__Htext15                                     text15       000000
__Htext16                                     text16       000000
__Htext17                                     text17       000000
__Htext18                                     text18       000000
__Htext19                                     text19       000000
__Htext2                                      text2        000000
__Htext20                                     text20       000000
__Htext21                                     text21       000000
__Htext22                                     text22       000000
__Htext23                                     text23       000000
__Htext24                                     text24       000000
__Htext25                                     text25       000000
__Htext26                                     text26       000000
__Htext27                                     text27       000000
__Htext28                                     text28       000000
__Htext29                                     text29       000000
__Htext3                                      text3        000000
__Htext30                                     text30       000000
__Htext31                                     text31       000000
__Htext32                                     text32       000000
__Htext33                                     text33       000000
__Htext34                                     text34       000000
__Htext35                                     text35       000000
__Htext36                                     text36       000000
__Htext37                                     text37       000000
__Htext38                                     text38       000000
__Htext39                                     text39       000000
__Htext4                                      text4        000000
__Htext40                                     text40       000000
__Htext41                                     text41       000000
__Htext42                                     text42       000000
__Htext43                                     text43       000000
__Htext44                                     text44       000000
__Htext5                                      text5        000000
__Htext6                                      text6        000000
__Htext7                                      text7        000000
__Htext8                                      text8        000000
__Htext9                                      text9        000000
__LRAM                                        (abs)        000001
__Labs1                                       abs1         000000
__Lbank0                                      bank0        000000
__Lbank1                                      bank1        000000
__Lbank2                                      bank2        000000
__Lbank3                                      bank3        000000
__Lbank4                                      bank4        000000
__Lbank5                                      bank5        000000
__Lbank6                                      bank6        000000
__Lbank7                                      bank7        000000
__Lbigbss                                     bigbss       000000
__Lbigdata                                    bigdata      000000
__Lbigram                                     bigram       000000
__Lbss                                        bss          000000
__LbssBANK0                                   bssBANK0     000000
__LbssBANK1                                   bssBANK1     000000
__LbssCOMRAM                                  bssCOMRAM    000000
__Lcinit                                      cinit        000000
__Lclrtext                                    clrtext      000000
__Lcomram                                     comram       000000
__Lconfig                                     config       300000
__Lconst                                      const        000000
__LcstackCOMRAM                               cstackCOMRAM 000000
__Ldata                                       data         000000
__Leeprom_data                                eeprom_data  000000
__Lend_init                                   end_init     000002
__Lfarbss                                     farbss       000000
__Lfardata                                    fardata      000000
__Libigdata                                   ibigdata     000000
__Lidata                                      idata        000000
__Lidloc                                      idloc        200000
__Lifardata                                   ifardata     000000
__Linit                                       init         000002
__Lintcode                                    intcode      000002
__Lintcode_body                               intcode_body 000000
__Lintcodelo                                  intcodelo    000002
__Lintentry                                   intentry     000000
__Lintret                                     intret       000000
__Lintsave_regs                               intsave_regs 000000
__Lirdata                                     irdata       000000
__Lmediumconst                                mediumconst  000000
__LnvBANK0                                    nvBANK0      000000
__LnvCOMRAM                                   nvCOMRAM     000000
__LnvFARRAM                                   nvFARRAM     000000
__Lnvbit                                      nvbit        000000
__Lnvrram                                     nvrram       000000
__Lparam                                      rparam       000000
__Lpowerup                                    powerup      000002
__Lram                                        ram          000000
__Lramtop                                     ramtop       000800
__Lrbit                                       rbit         000000
__Lrbss                                       rbss         000000
__Lrdata                                      rdata        000000
__Lreset_vec                                  reset_vec    000000
__Lrparam                                     rparam       000000
__Lsfr                                        sfr          000000
__Lsmallconst                                 smallconst   000800
__Lstruct                                     struct       000000
__Ltemp                                       temp         000000
__Ltext                                       text         000000
__Ltext0                                      text0        000000
__Ltext1                                      text1        000000
__Ltext10                                     text10       000000
__Ltext11                                     text11       000000
__Ltext12                                     text12       000000
__Ltext13                                     text13       000000
__Ltext14                                     text14       000000
__Ltext15                                     text15       000000
__Ltext16                                     text16       000000
__Ltext17                                     text17       000000
__Ltext18                                     text18       000000
__Ltext19                                     text19       000000
__Ltext2                                      text2        000000
__Ltext20                                     text20       000000
__Ltext21                                     text21       000000
__Ltext22                                     text22       000000
__Ltext23                                     text23       000000
__Ltext24                                     text24       000000
__Ltext25                                     text25       000000
__Ltext26                                     text26       000000
__Ltext27                                     text27       000000
__Ltext28                                     text28       000000
__Ltext29                                     text29       000000
__Ltext3                                      text3        000000
__Ltext30                                     text30       000000
__Ltext31                                     text31       000000
__Ltext32                                     text32       000000
__Ltext33                                     text33       000000
__Ltext34                                     text34       000000
__Ltext35                                     text35       000000
__Ltext36                                     text36       000000
__Ltext37                                     text37       000000
__Ltext38                                     text38       000000
__Ltext39                                     text39       000000
__Ltext4                                      text4        000000
__Ltext40                                     text40       000000
__Ltext41                                     text41       000000
__Ltext42                                     text42       000000
__Ltext43                                     text43       000000
__Ltext44                                     text44       000000
__Ltext5                                      text5        000000
__Ltext6                                      text6        000000
__Ltext7                                      text7        000000
__Ltext8                                      text8        000000
__Ltext9                                      text9        000000
__S0                                          (abs)        30000E
__S1                                          (abs)        000200
___awdiv                                      text12       001B88
___awdiv@counter                              cstackCOMRAM 000006
___awdiv@dividend                             cstackCOMRAM 000001
___awdiv@divisor                              cstackCOMRAM 000003
___awdiv@quotient                             cstackCOMRAM 000008
___awdiv@sign                                 cstackCOMRAM 000007
___lldiv                                      text22       001D2E
___lldiv@counter                              cstackCOMRAM 00000E
___lldiv@dividend                             cstackCOMRAM 000001
___lldiv@divisor                              cstackCOMRAM 000005
___lldiv@quotient                             cstackCOMRAM 00000A
___llmod                                      text21       001EA8
___llmod@counter                              cstackCOMRAM 00000A
___llmod@dividend                             cstackCOMRAM 000001
___llmod@divisor                              cstackCOMRAM 000005
__accesstop                                   (abs)        000060
__activetblptr                                (abs)        000002
__end_of_CDCFlushOnTimeout                    text37       001F7A
__end_of_ClearUSBtoDefault                    text36       00153E
__end_of_Delay10KTCYx                         text1        002298
__end_of_SetupBoard                           text2        002306
__end_of_USBSuspend                           text34       00231C
__end_of_WaitOutReady                         text39       0022EC
__end_of___awdiv                              text12       001C18
__end_of___lldiv                              text22       001DB4
__end_of___llmod                              text21       001F12
__end_of__initialization                      cinit        002128
__end_of_cdc_config_descriptor                smallconst   00089A
__end_of_cdc_device_descriptor                smallconst   0008AC
__end_of_cdc_get_line_coding                  text17       0022DA
__end_of_cdc_set_control_line_state_status    text16       0022C4
__end_of_cdc_set_line_coding_data             text20       00166C
__end_of_cdc_set_line_coding_status           text15       0022AE
__end_of_cdc_setup                            text28       0013D2
__end_of_cdc_str_descs                        smallconst   000857
__end_of_getInReady                           text38       002282
__end_of_getOutReady                          text7        00226A
__end_of_getc_cdc                             text8        002196
__end_of_getda_cdc                            text9        001AF0
__end_of_initCDC                              text42       002030
__end_of_main                                 text0        001B88
__end_of_memcpy                               text29       0020C4
__end_of_parity_str                           smallconst   000805
__end_of_peek_getc_cdc                        text6        0020FC
__end_of_putc_cdc                             text40       002084
__end_of_putda_cdc                            text41       001CA6
__end_of_usb_RequestError                     text30       002212
__end_of_usb_ack_dat1                         text31       002252
__end_of_usb_handle_StandardDeviceRequest     text26       000E52
__end_of_usb_handle_StandardEndpointRequest   text24       0010A8
__end_of_usb_handle_StandardInterfaceRequest  text25       001794
__end_of_usb_handle_in                        text13       001EA8
__end_of_usb_handle_out                       text19       001E36
__end_of_usb_handle_reset                     text35       002234
__end_of_usb_handle_setup                     text23       00125A
__end_of_usb_handle_transaction               text11       001A52
__end_of_usb_handler                          text10       001FD8
__end_of_usb_init                             text5        001D2E
__end_of_usb_register_class_setup_handler     text43       00231A
__end_of_usb_register_sof_handler             text3        002310
__end_of_usb_send_rom                         text14       0019A2
__end_of_usb_set_address                      text18       0021EC
__end_of_usb_set_in_handler                   text33       0021C4
__end_of_usb_set_out_handler                  text32       002168
__end_of_usb_start                            text4        0022FC
__end_of_user_configured_init                 text27       0018BC
__initialization                              cinit        0020FC
__mediumconst                                 mediumconst  000000
__pbssBANK0                                   bssBANK0     000060
__pbssBANK1                                   bssBANK1     000100
__pbssCOMRAM                                  bssCOMRAM    00002F
__pcinit                                      cinit        0020FC
__pcstackCOMRAM                               cstackCOMRAM 000001
__pnvBANK0                                    nvBANK0      0000D4
__pnvCOMRAM                                   nvCOMRAM     00005C
__psmallconst                                 smallconst   000800
__ptext0                                      text0        001AF0
__ptext1                                      text1        002282
__ptext10                                     text10       001F7A
__ptext11                                     text11       0019A2
__ptext12                                     text12       001B88
__ptext13                                     text13       001E36
__ptext14                                     text14       0018BC
__ptext15                                     text15       002298
__ptext16                                     text16       0022AE
__ptext17                                     text17       0022C4
__ptext18                                     text18       0021C4
__ptext19                                     text19       001DB4
__ptext2                                      text2        0022FC
__ptext20                                     text20       00153E
__ptext21                                     text21       001EA8
__ptext22                                     text22       001D2E
__ptext23                                     text23       0010A8
__ptext24                                     text24       000E52
__ptext25                                     text25       00166C
__ptext26                                     text26       0008AE
__ptext27                                     text27       001794
__ptext28                                     text28       00125A
__ptext29                                     text29       002084
__ptext3                                      text3        002306
__ptext30                                     text30       0021EC
__ptext31                                     text31       002234
__ptext32                                     text32       002132
__ptext33                                     text33       002196
__ptext34                                     text34       00231A
__ptext35                                     text35       002212
__ptext36                                     text36       0013D2
__ptext37                                     text37       001F12
__ptext38                                     text38       00226A
__ptext39                                     text39       0022DA
__ptext4                                      text4        0022EC
__ptext40                                     text40       002030
__ptext41                                     text41       001C18
__ptext42                                     text42       001FD8
__ptext43                                     text43       002310
__ptext44                                     text44       000000
__ptext5                                      text5        001CA6
__ptext6                                      text6        0020C4
__ptext7                                      text7        002252
__ptext8                                      text8        002168
__ptext9                                      text9        001A52
__ramtop                                      ramtop       000800
__size_of_CDCFlushOnTimeout                   (abs)        000000
__size_of_ClearUSBtoDefault                   (abs)        000000
__size_of_Delay10KTCYx                        (abs)        000000
__size_of_SetupBoard                          (abs)        000000
__size_of_USBSuspend                          (abs)        000000
__size_of_WaitOutReady                        (abs)        000000
__size_of___awdiv                             (abs)        000000
__size_of___lldiv                             (abs)        000000
__size_of___llmod                             (abs)        000000
__size_of_cdc_get_line_coding                 (abs)        000000
__size_of_cdc_set_control_line_state_status   (abs)        000000
__size_of_cdc_set_line_coding_data            (abs)        000000
__size_of_cdc_set_line_coding_status          (abs)        000000
__size_of_cdc_setup                           (abs)        000000
__size_of_getInReady                          (abs)        000000
__size_of_getOutReady                         (abs)        000000
__size_of_getc_cdc                            (abs)        000000
__size_of_getda_cdc                           (abs)        000000
__size_of_initCDC                             (abs)        000000
__size_of_main                                (abs)        000000
__size_of_memcpy                              (abs)        000000
__size_of_peek_getc_cdc                       (abs)        000000
__size_of_putc_cdc                            (abs)        000000
__size_of_putda_cdc                           (abs)        000000
__size_of_usb_RequestError                    (abs)        000000
__size_of_usb_ack_dat1                        (abs)        000000
__size_of_usb_handle_StandardDeviceRequest    (abs)        000000
__size_of_usb_handle_StandardEndpointRequest  (abs)        000000
__size_of_usb_handle_StandardInterfaceRequest (abs)        000000
__size_of_usb_handle_in                       (abs)        000000
__size_of_usb_handle_out                      (abs)        000000
__size_of_usb_handle_reset                    (abs)        000000
__size_of_usb_handle_setup                    (abs)        000000
__size_of_usb_handle_transaction              (abs)        000000
__size_of_usb_handler                         (abs)        000000
__size_of_usb_init                            (abs)        000000
__size_of_usb_register_class_setup_handler    (abs)        000000
__size_of_usb_register_sof_handler            (abs)        000000
__size_of_usb_send_rom                        (abs)        000000
__size_of_usb_set_address                     (abs)        000000
__size_of_usb_set_in_handler                  (abs)        000000
__size_of_usb_set_out_handler                 (abs)        000000
__size_of_usb_start                           (abs)        000000
__size_of_user_configured_init                (abs)        000000
__smallconst                                  smallconst   000800
_cdc_In_bufferA                               bssBANK1     000100
_cdc_In_bufferB                               bssBANK1     000140
_cdc_In_len                                   bssCOMRAM    000052
_cdc_Out_bufferA                              bssBANK1     000180
_cdc_Out_bufferB                              bssBANK1     0001C0
_cdc_Out_len                                  bssCOMRAM    000053
_cdc_acm_in_buffer                            bssBANK0     0000BA
_cdc_config_descriptor                        smallconst   000857
_cdc_device_descriptor                        smallconst   00089A
_cdc_get_line_coding                          text17       0022C4
_cdc_set_control_line_state_status            text16       0022AE
_cdc_set_line_coding_data                     text20       00153E
_cdc_set_line_coding_status                   text15       002298
_cdc_setup                                    text28       00125A
_cdc_str_descs                                smallconst   000805
_cdc_timeout_count                            bssCOMRAM    000054
_cdc_trf_state                                bssCOMRAM    000055
_class_setup_handler                          nvBANK0      0000DA
_clkF                                         bssCOMRAM    000056
_cls                                          bssBANK0     0000A0
_endpoints                                    bssBANK0     000060
_getInReady                                   text38       00226A
_getOutReady                                  text7        002252
_getc_cdc                                     text8        002168
_getda_cdc                                    text9        001A52
_initCDC                                      text42       001FD8
_linecodeing                                  nvBANK0      0000DE
_lock                                         bssCOMRAM    000057
_main                                         text0        001AF0
_memcpy                                       text29       002084
_parity_str                                   smallconst   000800
_peek_getc_cdc                                text6        0020C4
_putc_cdc                                     text40       002030
_putda_cdc                                    text41       001C18
_sof_handler                                  bssCOMRAM    00003E
_trn_status                                   bssCOMRAM    000058
_usb_RequestError                             text30       0021EC
_usb_ack_dat1                                 text31       002234
_usb_addr_pending                             bssCOMRAM    000059
_usb_bdt                                      bssBANK0     0000A2
_usb_config_descriptor                        nvBANK0      0000D4
_usb_current_cfg                              bssCOMRAM    000040
_usb_device_descriptor                        nvCOMRAM     00005C
_usb_device_state                             bssCOMRAM    00005A
_usb_device_status                            bssCOMRAM    000042
_usb_ep0_in_buf                               bssBANK0     0000C4
_usb_ep0_out_buf                              bssBANK0     0000CC
_usb_handle_StandardDeviceRequest             text26       0008AE
_usb_handle_StandardEndpointRequest           text24       000E52
_usb_handle_StandardInterfaceRequest          text25       00166C
_usb_handle_in                                text13       001E36
_usb_handle_out                               text19       001DB4
_usb_handle_reset                             text35       002212
_usb_handle_setup                             text23       0010A8
_usb_handle_setup$352                         cstackCOMRAM 000026
_usb_handle_transaction                       text11       0019A2
_usb_handler                                  text10       001F7A
_usb_init                                     text5        001CA6
_usb_num_string_descriptors                   nvBANK0      0000DC
_usb_register_class_setup_handler             text43       002310
_usb_register_sof_handler                     text3        002306
_usb_rom_len                                  bssCOMRAM    000044
_usb_rom_ptr                                  bssCOMRAM    00002F
_usb_send_rom                                 text14       0018BC
_usb_set_address                              text18       0021C4
_usb_set_in_handler                           text33       002196
_usb_set_out_handler                          text32       002132
_usb_start                                    text4        0022EC
_usb_string_descriptor                        nvBANK0      0000D7
_usbrequesterrorflag                          bssCOMRAM    00005B
_user_configured_init                         text27       001794
_vendor_setup_handler                         bssCOMRAM    000046
cdc_set_line_coding_data@dwBaud               cstackCOMRAM 000017
cdc_set_line_coding_data@dwBaudrem            cstackCOMRAM 000013
cdc_setup@packet                              cstackCOMRAM 00000F
cdc_setup@reply_len                           cstackCOMRAM 00000D
end_of_initialization                         cinit        002128
getc_cdc@c                                    cstackCOMRAM 00002C
intlevel0                                     text         000000
intlevel1                                     text         000000
intlevel2                                     text         000000
intlevel3                                     text         000000
main@RecvdByte                                cstackCOMRAM 00002E
memcpy@d                                      cstackCOMRAM 000007
memcpy@d1                                     cstackCOMRAM 000001
memcpy@n                                      cstackCOMRAM 000005
memcpy@s                                      cstackCOMRAM 000009
memcpy@s1                                     cstackCOMRAM 000003
peek_getc_cdc@c                               cstackCOMRAM 00002B
putc_cdc@c                                    cstackCOMRAM 000003
putda_cdc@count                               cstackCOMRAM 000001
start                                         init         000002
start_initialization                          cinit        0020FC
usb_ack_dat1@bdcnt                            cstackCOMRAM 000001
usb_handle_StandardDeviceRequest@bdp          cstackCOMRAM 000010
usb_handle_StandardDeviceRequest@i            cstackCOMRAM 00001E
usb_handle_StandardDeviceRequest@packet       cstackCOMRAM 000020
usb_handle_StandardEndpointRequest@bdp        cstackCOMRAM 000003
usb_handle_StandardEndpointRequest@dir        cstackCOMRAM 00000C
usb_handle_StandardEndpointRequest@epbd       cstackCOMRAM 00000A
usb_handle_StandardEndpointRequest@epnum      cstackCOMRAM 000009
usb_handle_StandardEndpointRequest@pUEP       cstackCOMRAM 000007
usb_handle_StandardEndpointRequest@packet     cstackCOMRAM 00000D
usb_handle_StandardInterfaceRequest@bdp       cstackCOMRAM 000003
usb_handle_StandardInterfaceRequest@packet    cstackCOMRAM 000007
usb_init@config_descriptor                    cstackCOMRAM 000009
usb_init@device_descriptor                    cstackCOMRAM 000007
usb_init@num_string_descriptors               cstackCOMRAM 00000D
usb_init@string_descriptor                    cstackCOMRAM 00000B
usb_register_class_setup_handler@handler      cstackCOMRAM 000001
usb_register_sof_handler@handler              cstackCOMRAM 000001
usb_send_rom@i                                cstackCOMRAM 00000C
usb_send_rom@packet_len                       cstackCOMRAM 00000E
usb_set_in_handler@ep                         cstackCOMRAM 000001
usb_set_in_handler@in_handler                 cstackCOMRAM 000003
usb_set_out_handler@ep                        cstackCOMRAM 000001
usb_set_out_handler@out_handler               cstackCOMRAM 000003


FUNCTION INFORMATION:

 *************** function _main *****************
 Defined at:
		line 31 in file "main.c"
 Parameters:    Size  Location     Type
		None
 Auto vars:     Size  Location     Type
  RecvdByte       1   45[COMRAM] unsigned char 
 Return value:  Size  Location     Type
		None               void
 Registers used:
		wreg, fsr1l, fsr1h, fsr2l, fsr2h, status,2, status,0, pclat, tosl, tblptrl, tblptrh, tblptru, prodl, prodh, cstack
 Tracked objects:
		On entry : 
		On exit  : 
		Unchanged: 
 Data sizes:     COMRAM   BANK0   BANK1   BANK2   BANK3   BANK4   BANK5   BANK6   BANK7
      Params:         0       0       0       0       0       0       0       0       0
      Locals:         1       0       0       0       0       0       0       0       0
      Temps:          1       0       0       0       0       0       0       0       0
      Totals:         2       0       0       0       0       0       0       0       0
Total ram usage:        2 bytes
 Hardware stack levels required when called:    8
 This function calls:
		_initCDC
		_usb_handler
		_putc_cdc
		_getc_cdc
		_peek_getc_cdc
		_usb_init
		_usb_start
		_usb_register_sof_handler
		_SetupBoard
		_Delay10KTCYx
 This function is called by:
		Startup code after reset
 This function uses a non-reentrant model


 *************** function _Delay10KTCYx *****************
 Defined at:
		line 9 in file "C:\Program Files (x86)\Microchip\xc8\v1.21\sources\pic18\d10ktcyx.c"
 Parameters:    Size  Location     Type
  unit            1    0[COMRAM] unsigned char 
 Auto vars:     Size  Location     Type
		None
 Return value:  Size  Location     Type
		None               void
 Registers used:
		wreg
 Tracked objects:
		On entry : 
		On exit  : 
		Unchanged: 
 Data sizes:     COMRAM   BANK0   BANK1   BANK2   BANK3   BANK4   BANK5   BANK6   BANK7
      Params:         1       0       0       0       0       0       0       0       0
      Locals:         0       0       0       0       0       0       0       0       0
      Temps:          1       0       0       0       0       0       0       0       0
      Totals:         2       0       0       0       0       0       0       0       0
Total ram usage:        2 bytes
 Hardware stack levels used:    1
 This function calls:
		Nothing
 This function is called by:
		_main
 This function uses a non-reentrant model


 *************** function _SetupBoard *****************
 Defined at:
		line 93 in file "main.c"
 Parameters:    Size  Location     Type
		None
 Auto vars:     Size  Location     Type
		None
 Return value:  Size  Location     Type
		None               void
 Registers used:
		wreg, status,2, status,0
 Tracked objects:
		On entry : 
		On exit  : 
		Unchanged: 
 Data sizes:     COMRAM   BANK0   BANK1   BANK2   BANK3   BANK4   BANK5   BANK6   BANK7
      Params:         0       0       0       0       0       0       0       0       0
      Locals:         0       0       0       0       0       0       0       0       0
      Temps:          0       0       0       0       0       0       0       0       0
      Totals:         0       0       0       0       0       0       0       0       0
Total ram usage:        0 bytes
 Hardware stack levels used:    1
 This function calls:
		Nothing
 This function is called by:
		_main
 This function uses a non-reentrant model


 *************** function _usb_register_sof_handler *****************
 Defined at:
		line 521 in file "../dp_usb/usb_stack.c"
 Parameters:    Size  Location     Type
  handler         2    0[COMRAM] PTR FTN()void 
		 -> CDCFlushOnTimeout(0), 
 Auto vars:     Size  Location     Type
		None
 Return value:  Size  Location     Type
		None               void
 Registers used:
		None
 Tracked objects:
		On entry : 
		On exit  : 
		Unchanged: 
 Data sizes:     COMRAM   BANK0   BANK1   BANK2   BANK3   BANK4   BANK5   BANK6   BANK7
      Params:         2       0       0       0       0       0       0       0       0
      Locals:         0       0       0       0       0       0       0       0       0
      Temps:          0       0       0       0       0       0       0       0       0
      Totals:         2       0       0       0       0       0       0       0       0
Total ram usage:        2 bytes
 Hardware stack levels used:    1
 This function calls:
		Nothing
 This function is called by:
		_main
 This function uses a non-reentrant model


 *************** function _usb_start *****************
 Defined at:
		line 109 in file "../dp_usb/usb_stack.c"
 Parameters:    Size  Location     Type
		None
 Auto vars:     Size  Location     Type
		None
 Return value:  Size  Location     Type
		None               void
 Registers used:
		wreg, status,2
 Tracked objects:
		On entry : 
		On exit  : 
		Unchanged: 
 Data sizes:     COMRAM   BANK0   BANK1   BANK2   BANK3   BANK4   BANK5   BANK6   BANK7
      Params:         0       0       0       0       0       0       0       0       0
      Locals:         0       0       0       0       0       0       0       0       0
      Temps:          0       0       0       0       0       0       0       0       0
      Totals:         0       0       0       0       0       0       0       0       0
Total ram usage:        0 bytes
 Hardware stack levels used:    1
 This function calls:
		Nothing
 This function is called by:
		_main
 This function uses a non-reentrant model


 *************** function _usb_init *****************
 Defined at:
		line 93 in file "../dp_usb/usb_stack.c"
 Parameters:    Size  Location     Type
  device_descr    2    6[COMRAM] PTR const unsigned char 
		 -> cdc_device_descriptor(18), 
  config_descr    2    8[COMRAM] PTR const unsigned char 
		 -> cdc_config_descriptor(67), 
  string_descr    2   10[COMRAM] PTR const unsigned char 
		 -> cdc_str_descs(82), 
  num_string_d    2   12[COMRAM] int 
 Auto vars:     Size  Location     Type
		None
 Return value:  Size  Location     Type
		None               void
 Registers used:
		wreg, fsr2l, fsr2h, status,2, status,0, cstack
 Tracked objects:
		On entry : 
		On exit  : 
		Unchanged: 
 Data sizes:     COMRAM   BANK0   BANK1   BANK2   BANK3   BANK4   BANK5   BANK6   BANK7
      Params:         8       0       0       0       0       0       0       0       0
      Locals:         0       0       0       0       0       0       0       0       0
      Temps:          0       0       0       0       0       0       0       0       0
      Totals:         8       0       0       0       0       0       0       0       0
Total ram usage:        8 bytes
 Hardware stack levels used:    1
 Hardware stack levels required when called:    1
 This function calls:
		_usb_set_in_handler
		_usb_set_out_handler
		_ClearUSBtoDefault
 This function is called by:
		_main
 This function uses a non-reentrant model


 *************** function _peek_getc_cdc *****************
 Defined at:
		line 419 in file "../dp_usb/cdc.c"
 Parameters:    Size  Location     Type
  c               2   42[COMRAM] PTR unsigned char 
		 -> main@RecvdByte(1), 
 Auto vars:     Size  Location     Type
		None
 Return value:  Size  Location     Type
                  1    wreg      unsigned char 
 Registers used:
		wreg, fsr1l, fsr1h, fsr2l, fsr2h, status,2, status,0, pclat, tosl, tblptrl, tblptrh, tblptru, prodl, prodh, cstack
 Tracked objects:
		On entry : 
		On exit  : 
		Unchanged: 
 Data sizes:     COMRAM   BANK0   BANK1   BANK2   BANK3   BANK4   BANK5   BANK6   BANK7
      Params:         2       0       0       0       0       0       0       0       0
      Locals:         0       0       0       0       0       0       0       0       0
      Temps:          0       0       0       0       0       0       0       0       0
      Totals:         2       0       0       0       0       0       0       0       0
Total ram usage:        2 bytes
 Hardware stack levels used:    1
 Hardware stack levels required when called:    7
 This function calls:
		_getOutReady
		_getda_cdc
 This function is called by:
		_main
 This function uses a non-reentrant model


 *************** function _getOutReady *****************
 Defined at:
		line 248 in file "../dp_usb/cdc.c"
 Parameters:    Size  Location     Type
		None
 Auto vars:     Size  Location     Type
		None
 Return value:  Size  Location     Type
                  1    wreg      unsigned char 
 Registers used:
		wreg, fsr2l, fsr2h, status,2, status,0
 Tracked objects:
		On entry : 
		On exit  : 
		Unchanged: 
 Data sizes:     COMRAM   BANK0   BANK1   BANK2   BANK3   BANK4   BANK5   BANK6   BANK7
      Params:         0       0       0       0       0       0       0       0       0
      Locals:         0       0       0       0       0       0       0       0       0
      Temps:          1       0       0       0       0       0       0       0       0
      Totals:         1       0       0       0       0       0       0       0       0
Total ram usage:        1 bytes
 Hardware stack levels used:    1
 This function calls:
		Nothing
 This function is called by:
		_peek_getc_cdc
		_poll_getc_cdc
 This function uses a non-reentrant model


 *************** function _getc_cdc *****************
 Defined at:
		line 370 in file "../dp_usb/cdc.c"
 Parameters:    Size  Location     Type
		None
 Auto vars:     Size  Location     Type
  c               1   43[COMRAM] unsigned char 
 Return value:  Size  Location     Type
                  1    wreg      unsigned char 
 Registers used:
		wreg, fsr1l, fsr1h, fsr2l, fsr2h, status,2, status,0, pclat, tosl, tblptrl, tblptrh, tblptru, prodl, prodh, cstack
 Tracked objects:
		On entry : 
		On exit  : 
		Unchanged: 
 Data sizes:     COMRAM   BANK0   BANK1   BANK2   BANK3   BANK4   BANK5   BANK6   BANK7
      Params:         0       0       0       0       0       0       0       0       0
      Locals:         1       0       0       0       0       0       0       0       0
      Temps:          1       0       0       0       0       0       0       0       0
      Totals:         2       0       0       0       0       0       0       0       0
Total ram usage:        2 bytes
 Hardware stack levels used:    1
 Hardware stack levels required when called:    7
 This function calls:
		_getda_cdc
 This function is called by:
		_main
 This function uses a non-reentrant model


 *************** function _getda_cdc *****************
 Defined at:
		line 260 in file "../dp_usb/cdc.c"
 Parameters:    Size  Location     Type
		None
 Auto vars:     Size  Location     Type
		None
 Return value:  Size  Location     Type
                  1    wreg      unsigned char 
 Registers used:
		wreg, fsr1l, fsr1h, fsr2l, fsr2h, status,2, status,0, pclat, tosl, tblptrl, tblptrh, tblptru, prodl, prodh, cstack
 Tracked objects:
		On entry : 
		On exit  : 
		Unchanged: 
 Data sizes:     COMRAM   BANK0   BANK1   BANK2   BANK3   BANK4   BANK5   BANK6   BANK7
      Params:         0       0       0       0       0       0       0       0       0
      Locals:         0       0       0       0       0       0       0       0       0
      Temps:          1       0       0       0       0       0       0       0       0
      Totals:         1       0       0       0       0       0       0       0       0
Total ram usage:        1 bytes
 Hardware stack levels used:    1
 Hardware stack levels required when called:    6
 This function calls:
		_WaitOutReady
		_usb_handler
 This function is called by:
		_getc_cdc
		_peek_getc_cdc
		_poll_getc_cdc
 This function uses a non-reentrant model


 *************** function _usb_handler *****************
 Defined at:
		line 184 in file "../dp_usb/usb_stack.c"
 Parameters:    Size  Location     Type
		None
 Auto vars:     Size  Location     Type
		None
 Return value:  Size  Location     Type
		None               void
 Registers used:
		wreg, fsr1l, fsr1h, fsr2l, fsr2h, status,2, status,0, pclat, tosl, tblptrl, tblptrh, tblptru, prodl, prodh, cstack
 Tracked objects:
		On entry : 
		On exit  : 
		Unchanged: 
 Data sizes:     COMRAM   BANK0   BANK1   BANK2   BANK3   BANK4   BANK5   BANK6   BANK7
      Params:         0       0       0       0       0       0       0       0       0
      Locals:         0       0       0       0       0       0       0       0       0
      Temps:          0       0       0       0       0       0       0       0       0
      Totals:         0       0       0       0       0       0       0       0       0
Total ram usage:        0 bytes
 Hardware stack levels used:    1
 Hardware stack levels required when called:    5
 This function calls:
		Absolute function
		_CDCFlushOnTimeout
		_usb_handle_reset
		_USBSuspend
		_usb_handle_transaction
 This function is called by:
		_getda_cdc
		_main
 This function uses a non-reentrant model


 *************** function _usb_handle_transaction *****************
 Defined at:
		line 217 in file "../dp_usb/usb_stack.c"
 Parameters:    Size  Location     Type
		None
 Auto vars:     Size  Location     Type
		None
 Return value:  Size  Location     Type
		None               void
 Registers used:
		wreg, fsr1l, fsr1h, fsr2l, fsr2h, status,2, status,0, pclat, tosl, tblptrl, tblptrh, tblptru, prodl, prodh, cstack
 Tracked objects:
		On entry : 
		On exit  : 
		Unchanged: 
 Data sizes:     COMRAM   BANK0   BANK1   BANK2   BANK3   BANK4   BANK5   BANK6   BANK7
      Params:         0       0       0       0       0       0       0       0       0
      Locals:         0       0       0       0       0       0       0       0       0
      Temps:          2       0       0       0       0       0       0       0       0
      Totals:         2       0       0       0       0       0       0       0       0
Total ram usage:        2 bytes
 Hardware stack levels used:    1
 Hardware stack levels required when called:    4
 This function calls:
		_usb_handle_setup
		_usb_handle_out
		_usb_handle_in
		___awdiv
 This function is called by:
		_usb_handler
 This function uses a non-reentrant model


 *************** function ___awdiv *****************
 Defined at:
		line 10 in file "C:\Program Files (x86)\Microchip\xc8\v1.21\sources\common\awdiv.c"
 Parameters:    Size  Location     Type
  dividend        2    0[COMRAM] int 
  divisor         2    2[COMRAM] int 
 Auto vars:     Size  Location     Type
  quotient        2    7[COMRAM] int 
  sign            1    6[COMRAM] unsigned char 
  counter         1    5[COMRAM] unsigned char 
 Return value:  Size  Location     Type
                  2    0[COMRAM] int 
 Registers used:
		wreg, status,2, status,0
 Tracked objects:
		On entry : 
		On exit  : 
		Unchanged: 
 Data sizes:     COMRAM   BANK0   BANK1   BANK2   BANK3   BANK4   BANK5   BANK6   BANK7
      Params:         4       0       0       0       0       0       0       0       0
      Locals:         4       0       0       0       0       0       0       0       0
      Temps:          1       0       0       0       0       0       0       0       0
      Totals:         9       0       0       0       0       0       0       0       0
Total ram usage:        9 bytes
 Hardware stack levels used:    1
 This function calls:
		Nothing
 This function is called by:
		_usb_handle_transaction
 This function uses a non-reentrant model


 *************** function _usb_handle_in *****************
 Defined at:
		line 509 in file "../dp_usb/usb_stack.c"
 Parameters:    Size  Location     Type
		None
 Auto vars:     Size  Location     Type
		None
 Return value:  Size  Location     Type
		None               void
 Registers used:
		wreg, fsr2l, fsr2h, status,2, status,0, pclat, tosl, tblptrl, tblptrh, tblptru, prodl, prodh, cstack
 Tracked objects:
		On entry : 
		On exit  : 
		Unchanged: 
 Data sizes:     COMRAM   BANK0   BANK1   BANK2   BANK3   BANK4   BANK5   BANK6   BANK7
      Params:         0       0       0       0       0       0       0       0       0
      Locals:         0       0       0       0       0       0       0       0       0
      Temps:          1       0       0       0       0       0       0       0       0
      Totals:         1       0       0       0       0       0       0       0       0
Total ram usage:        1 bytes
 Hardware stack levels used:    1
 Hardware stack levels required when called:    2
 This function calls:
		Absolute function
		_cdc_get_line_coding
		_cdc_set_line_coding_status
		_cdc_set_control_line_state_status
		_usb_send_rom
		_usb_set_address
 This function is called by:
		_usb_handle_transaction
 This function uses a non-reentrant model


 *************** function _usb_send_rom *****************
 Defined at:
		line 577 in file "../dp_usb/usb_stack.c"
 Parameters:    Size  Location     Type
		None
 Auto vars:     Size  Location     Type
  packet_len      2   13[COMRAM] unsigned int 
  i               2   11[COMRAM] unsigned int 
 Return value:  Size  Location     Type
		None               void
 Registers used:
		wreg, fsr2l, fsr2h, status,2, status,0, tblptrl, tblptrh, tblptru, cstack
 Tracked objects:
		On entry : 
		On exit  : 
		Unchanged: 
 Data sizes:     COMRAM   BANK0   BANK1   BANK2   BANK3   BANK4   BANK5   BANK6   BANK7
      Params:         0       0       0       0       0       0       0       0       0
      Locals:         4       0       0       0       0       0       0       0       0
      Temps:          5       0       0       0       0       0       0       0       0
      Totals:         9       0       0       0       0       0       0       0       0
Total ram usage:        9 bytes
 Hardware stack levels used:    1
 Hardware stack levels required when called:    1
 This function calls:
		_usb_set_in_handler
 This function is called by:
		_usb_handle_StandardDeviceRequest
		_usb_handle_in
 This function uses a non-reentrant model


 *************** function _cdc_set_line_coding_status *****************
 Defined at:
		line 226 in file "../dp_usb/cdc.c"
 Parameters:    Size  Location     Type
		None
 Auto vars:     Size  Location     Type
		None
 Return value:  Size  Location     Type
		None               void
 Registers used:
		wreg, fsr2l, fsr2h, status,2, status,0, cstack
 Tracked objects:
		On entry : 
		On exit  : 
		Unchanged: 
 Data sizes:     COMRAM   BANK0   BANK1   BANK2   BANK3   BANK4   BANK5   BANK6   BANK7
      Params:         0       0       0       0       0       0       0       0       0
      Locals:         0       0       0       0       0       0       0       0       0
      Temps:          0       0       0       0       0       0       0       0       0
      Totals:         0       0       0       0       0       0       0       0       0
Total ram usage:        0 bytes
 Hardware stack levels used:    1
 Hardware stack levels required when called:    1
 This function calls:
		_usb_set_in_handler
 This function is called by:
		_cdc_set_line_coding_data
		_usb_handle_in
 This function uses a non-reentrant model


 *************** function _cdc_set_control_line_state_status *****************
 Defined at:
		line 230 in file "../dp_usb/cdc.c"
 Parameters:    Size  Location     Type
		None
 Auto vars:     Size  Location     Type
		None
 Return value:  Size  Location     Type
		None               void
 Registers used:
		wreg, fsr2l, fsr2h, status,2, status,0, cstack
 Tracked objects:
		On entry : 
		On exit  : 
		Unchanged: 
 Data sizes:     COMRAM   BANK0   BANK1   BANK2   BANK3   BANK4   BANK5   BANK6   BANK7
      Params:         0       0       0       0       0       0       0       0       0
      Locals:         0       0       0       0       0       0       0       0       0
      Temps:          0       0       0       0       0       0       0       0       0
      Totals:         0       0       0       0       0       0       0       0       0
Total ram usage:        0 bytes
 Hardware stack levels used:    1
 Hardware stack levels required when called:    1
 This function calls:
		_usb_set_in_handler
 This function is called by:
		_cdc_setup
		_usb_handle_in
 This function uses a non-reentrant model


 *************** function _cdc_get_line_coding *****************
 Defined at:
		line 191 in file "../dp_usb/cdc.c"
 Parameters:    Size  Location     Type
		None
 Auto vars:     Size  Location     Type
		None
 Return value:  Size  Location     Type
		None               void
 Registers used:
		wreg, fsr2l, fsr2h, status,2, status,0, cstack
 Tracked objects:
		On entry : 
		On exit  : 
		Unchanged: 
 Data sizes:     COMRAM   BANK0   BANK1   BANK2   BANK3   BANK4   BANK5   BANK6   BANK7
      Params:         0       0       0       0       0       0       0       0       0
      Locals:         0       0       0       0       0       0       0       0       0
      Temps:          0       0       0       0       0       0       0       0       0
      Totals:         0       0       0       0       0       0       0       0       0
Total ram usage:        0 bytes
 Hardware stack levels used:    1
 Hardware stack levels required when called:    1
 This function calls:
		_usb_set_in_handler
 This function is called by:
		_cdc_setup
		_usb_handle_in
 This function uses a non-reentrant model


 *************** function _usb_set_address *****************
 Defined at:
		line 566 in file "../dp_usb/usb_stack.c"
 Parameters:    Size  Location     Type
		None
 Auto vars:     Size  Location     Type
		None
 Return value:  Size  Location     Type
		None               void
 Registers used:
		wreg, fsr2l, fsr2h, status,2, status,0, cstack
 Tracked objects:
		On entry : 
		On exit  : 
		Unchanged: 
 Data sizes:     COMRAM   BANK0   BANK1   BANK2   BANK3   BANK4   BANK5   BANK6   BANK7
      Params:         0       0       0       0       0       0       0       0       0
      Locals:         0       0       0       0       0       0       0       0       0
      Temps:          0       0       0       0       0       0       0       0       0
      Totals:         0       0       0       0       0       0       0       0       0
Total ram usage:        0 bytes
 Hardware stack levels used:    1
 Hardware stack levels required when called:    1
 This function calls:
		_usb_set_in_handler
 This function is called by:
		_usb_handle_StandardDeviceRequest
		_usb_handle_in
 This function uses a non-reentrant model


 *************** function _usb_handle_out *****************
 Defined at:
		line 515 in file "../dp_usb/usb_stack.c"
 Parameters:    Size  Location     Type
		None
 Auto vars:     Size  Location     Type
		None
 Return value:  Size  Location     Type
		None               void
 Registers used:
		wreg, fsr1l, fsr1h, fsr2l, fsr2h, status,2, status,0, pclat, tosl, prodl, prodh, cstack
 Tracked objects:
		On entry : 
		On exit  : 
		Unchanged: 
 Data sizes:     COMRAM   BANK0   BANK1   BANK2   BANK3   BANK4   BANK5   BANK6   BANK7
      Params:         0       0       0       0       0       0       0       0       0
      Locals:         0       0       0       0       0       0       0       0       0
      Temps:          1       0       0       0       0       0       0       0       0
      Totals:         1       0       0       0       0       0       0       0       0
Total ram usage:        1 bytes
 Hardware stack levels used:    1
 Hardware stack levels required when called:    2
 This function calls:
		Absolute function
		_cdc_set_line_coding_data
 This function is called by:
		_usb_handle_transaction
 This function uses a non-reentrant model


 *************** function _cdc_set_line_coding_data *****************
 Defined at:
		line 195 in file "../dp_usb/cdc.c"
 Parameters:    Size  Location     Type
		None
 Auto vars:     Size  Location     Type
  dwBaud          4   22[COMRAM] unsigned long 
  dwBaudrem       4   18[COMRAM] unsigned long 
 Return value:  Size  Location     Type
		None               void
 Registers used:
		wreg, fsr1l, fsr1h, fsr2l, fsr2h, status,2, status,0, cstack
 Tracked objects:
		On entry : 
		On exit  : 
		Unchanged: 
 Data sizes:     COMRAM   BANK0   BANK1   BANK2   BANK3   BANK4   BANK5   BANK6   BANK7
      Params:         0       0       0       0       0       0       0       0       0
      Locals:         8       0       0       0       0       0       0       0       0
      Temps:          4       0       0       0       0       0       0       0       0
      Totals:        12       0       0       0       0       0       0       0       0
Total ram usage:       12 bytes
 Hardware stack levels used:    1
 Hardware stack levels required when called:    1
 This function calls:
		_usb_set_in_handler
		_usb_set_out_handler
		_usb_ack_dat1
		_memcpy
		___lldiv
		___llmod
 This function is called by:
		_cdc_setup
		_usb_handle_out
 This function uses a non-reentrant model


 *************** function ___llmod *****************
 Defined at:
		line 10 in file "C:\Program Files (x86)\Microchip\xc8\v1.21\sources\common\llmod.c"
 Parameters:    Size  Location     Type
  dividend        4    0[COMRAM] unsigned long 
  divisor         4    4[COMRAM] unsigned long 
[...]
      Totals:        10       0       0       0       0       0       0       0       0
Total ram usage:       10 bytes
 Hardware stack levels used:    1
 This function calls:
		Nothing
 This function is called by:
		_cdc_setup
		_cdc_set_line_coding_data
 This function uses a non-reentrant model


 *************** function _usb_RequestError *****************
 Defined at:
		line 552 in file "../dp_usb/usb_stack.c"
 Parameters:    Size  Location     Type
		None
 Auto vars:     Size  Location     Type
		None
 Return value:  Size  Location     Type
		None               void
 Registers used:
		status,2
 Tracked objects:
		On entry : 
		On exit  : 
		Unchanged: 
 Data sizes:     COMRAM   BANK0   BANK1   BANK2   BANK3   BANK4   BANK5   BANK6   BANK7
      Params:         0       0       0       0       0       0       0       0       0
      Locals:         0       0       0       0       0       0       0       0       0
      Temps:          1       0       0       0       0       0       0       0       0
      Totals:         1       0       0       0       0       0       0       0       0
Total ram usage:        1 bytes
 Hardware stack levels used:    1
 This function calls:
		Nothing
 This function is called by:
		_cdc_setup
		_usb_handle_setup
		_usb_handle_StandardDeviceRequest
		_usb_handle_StandardInterfaceRequest
		_usb_handle_StandardEndpointRequest
 This function uses a non-reentrant model


 *************** function _usb_ack_dat1 *****************
 Defined at:
		line 547 in file "../dp_usb/usb_stack.c"
 Parameters:    Size  Location     Type
  bdcnt           2    0[COMRAM] int 
 Auto vars:     Size  Location     Type
		None
 Return value:  Size  Location     Type
		None               void
 Registers used:
		wreg, fsr2l, fsr2h, status,2, status,0
 Tracked objects:
		On entry : 
		On exit  : 
		Unchanged: 
 Data sizes:     COMRAM   BANK0   BANK1   BANK2   BANK3   BANK4   BANK5   BANK6   BANK7
      Params:         2       0       0       0       0       0       0       0       0
      Locals:         0       0       0       0       0       0       0       0       0
      Temps:          0       0       0       0       0       0       0       0       0
      Totals:         2       0       0       0       0       0       0       0       0
Total ram usage:        2 bytes
 Hardware stack levels used:    1
 This function calls:
		Nothing
 This function is called by:
		_cdc_setup
		_cdc_set_line_coding_data
		_usb_handle_StandardDeviceRequest
		_usb_handle_StandardInterfaceRequest
		_usb_handle_StandardEndpointRequest
 This function uses a non-reentrant model


 *************** function _usb_set_out_handler *****************
 Defined at:
		line 537 in file "../dp_usb/usb_stack.c"
 Parameters:    Size  Location     Type
  ep              2    0[COMRAM] int 
  out_handler     2    2[COMRAM] PTR FTN()void 
		 -> cdc_set_line_coding_data(0), Absolute function(0), 
 Auto vars:     Size  Location     Type
		None
 Return value:  Size  Location     Type
		None               void
 Registers used:
		wreg, fsr2l, fsr2h, status,2, status,0
 Tracked objects:
		On entry : 
		On exit  : 
		Unchanged: 
 Data sizes:     COMRAM   BANK0   BANK1   BANK2   BANK3   BANK4   BANK5   BANK6   BANK7
      Params:         4       0       0       0       0       0       0       0       0
      Locals:         0       0       0       0       0       0       0       0       0
      Temps:          2       0       0       0       0       0       0       0       0
      Totals:         6       0       0       0       0       0       0       0       0
Total ram usage:        6 bytes
 Hardware stack levels used:    1
 This function calls:
		Nothing
 This function is called by:
		_user_configured_init
		_cdc_setup
		_cdc_set_line_coding_data
		_usb_init
 This function uses a non-reentrant model


 *************** function _usb_set_in_handler *****************
 Defined at:
		line 533 in file "../dp_usb/usb_stack.c"
 Parameters:    Size  Location     Type
  ep              2    0[COMRAM] int 
  in_handler      2    2[COMRAM] PTR FTN()void 
		 -> usb_send_rom(0), usb_set_address(0), cdc_set_line_coding_status(0), cdc_set_control_line_state_status(0), 
		 -> cdc_get_line_coding(0), Absolute function(0), 
 Auto vars:     Size  Location     Type
		None
 Return value:  Size  Location     Type
		None               void
 Registers used:
		wreg, fsr2l, fsr2h, status,2, status,0
 Tracked objects:
		On entry : 
		On exit  : 
		Unchanged: 
 Data sizes:     COMRAM   BANK0   BANK1   BANK2   BANK3   BANK4   BANK5   BANK6   BANK7
      Params:         4       0       0       0       0       0       0       0       0
      Locals:         0       0       0       0       0       0       0       0       0
      Temps:          2       0       0       0       0       0       0       0       0
      Totals:         6       0       0       0       0       0       0       0       0
Total ram usage:        6 bytes
 Hardware stack levels used:    1
 This function calls:
		Nothing
 This function is called by:
		_user_configured_init
		_cdc_setup
		_cdc_get_line_coding
		_cdc_set_line_coding_data
		_cdc_set_line_coding_status
		_cdc_set_control_line_state_status
		_usb_init
		_usb_handle_StandardDeviceRequest
		_usb_set_address
		_usb_send_rom
 This function uses a non-reentrant model


 *************** function _USBSuspend *****************
 Defined at:
		line 100 in file "main.c"
 Parameters:    Size  Location     Type
		None
 Auto vars:     Size  Location     Type
		None
 Return value:  Size  Location     Type
		None               void
 Registers used:
		None
 Tracked objects:
		On entry : 
		On exit  : 
		Unchanged: 
 Data sizes:     COMRAM   BANK0   BANK1   BANK2   BANK3   BANK4   BANK5   BANK6   BANK7
      Params:         0       0       0       0       0       0       0       0       0
      Locals:         0       0       0       0       0       0       0       0       0
      Temps:          0       0       0       0       0       0       0       0       0
      Totals:         0       0       0       0       0       0       0       0       0
Total ram usage:        0 bytes
 Hardware stack levels used:    1
 This function calls:
		Nothing
 This function is called by:
		_usb_handler
 This function uses a non-reentrant model


 *************** function _usb_handle_reset *****************
 Defined at:
		line 121 in file "../dp_usb/usb_stack.c"
 Parameters:    Size  Location     Type
		None
 Auto vars:     Size  Location     Type
		None
 Return value:  Size  Location     Type
		None               void
 Registers used:
		wreg, fsr2l, fsr2h, status,2, status,0, cstack
 Tracked objects:
		On entry : 
		On exit  : 
		Unchanged: 
 Data sizes:     COMRAM   BANK0   BANK1   BANK2   BANK3   BANK4   BANK5   BANK6   BANK7
      Params:         0       0       0       0       0       0       0       0       0
      Locals:         0       0       0       0       0       0       0       0       0
      Temps:          1       0       0       0       0       0       0       0       0
      Totals:         1       0       0       0       0       0       0       0       0
Total ram usage:        1 bytes
 Hardware stack levels used:    1
 Hardware stack levels required when called:    1
 This function calls:
		_ClearUSBtoDefault
 This function is called by:
		_usb_handler
 This function uses a non-reentrant model


 *************** function _ClearUSBtoDefault *****************
 Defined at:
		line 133 in file "../dp_usb/usb_stack.c"
 Parameters:    Size  Location     Type
		None
 Auto vars:     Size  Location     Type
  i               2    2[COMRAM] int 
 Return value:  Size  Location     Type
		None               void
 Registers used:
		wreg, fsr2l, fsr2h, status,2, status,0
 Tracked objects:
		On entry : 
		On exit  : 
		Unchanged: 
 Data sizes:     COMRAM   BANK0   BANK1   BANK2   BANK3   BANK4   BANK5   BANK6   BANK7
      Params:         0       0       0       0       0       0       0       0       0
      Locals:         2       0       0       0       0       0       0       0       0
      Temps:          2       0       0       0       0       0       0       0       0
      Totals:         4       0       0       0       0       0       0       0       0
Total ram usage:        4 bytes
 Hardware stack levels used:    1
 This function calls:
		Nothing
 This function is called by:
		_usb_init
		_usb_handle_reset
 This function uses a non-reentrant model


 *************** function _CDCFlushOnTimeout *****************
 Defined at:
		line 324 in file "../dp_usb/cdc.c"
 Parameters:    Size  Location     Type
		None
 Auto vars:     Size  Location     Type
		None
 Return value:  Size  Location     Type
		None               void
 Registers used:
		wreg, fsr2l, fsr2h, status,2, status,0, cstack
 Tracked objects:
		On entry : 
		On exit  : 
		Unchanged: 
 Data sizes:     COMRAM   BANK0   BANK1   BANK2   BANK3   BANK4   BANK5   BANK6   BANK7
      Params:         0       0       0       0       0       0       0       0       0
      Locals:         0       0       0       0       0       0       0       0       0
      Temps:          1       0       0       0       0       0       0       0       0
      Totals:         1       0       0       0       0       0       0       0       0
Total ram usage:        1 bytes
 Hardware stack levels used:    1
 Hardware stack levels required when called:    1
 This function calls:
		_getInReady
		_putda_cdc
 This function is called by:
		_main
		_usb_handler
 This function uses a non-reentrant model


 *************** function _getInReady *****************
 Defined at:
		line 254 in file "../dp_usb/cdc.c"
 Parameters:    Size  Location     Type
		None
 Auto vars:     Size  Location     Type
		None
 Return value:  Size  Location     Type
                  1    wreg      unsigned char 
 Registers used:
		wreg, fsr2l, fsr2h, status,2, status,0
 Tracked objects:
		On entry : 
		On exit  : 
		Unchanged: 
 Data sizes:     COMRAM   BANK0   BANK1   BANK2   BANK3   BANK4   BANK5   BANK6   BANK7
      Params:         0       0       0       0       0       0       0       0       0
      Locals:         0       0       0       0       0       0       0       0       0
      Temps:          1       0       0       0       0       0       0       0       0
      Totals:         1       0       0       0       0       0       0       0       0
Total ram usage:        1 bytes
 Hardware stack levels used:    1
 This function calls:
		Nothing
 This function is called by:
		_CDCFlushOnTimeout
		_CDC_Flush_In_Now
 This function uses a non-reentrant model


 *************** function _WaitOutReady *****************
 Defined at:
		line 236 in file "../dp_usb/cdc.c"
 Parameters:    Size  Location     Type
		None
 Auto vars:     Size  Location     Type
		None
 Return value:  Size  Location     Type
		None               void
 Registers used:
		wreg, fsr2l, fsr2h, status,2, status,0
 Tracked objects:
		On entry : 
		On exit  : 
		Unchanged: 
 Data sizes:     COMRAM   BANK0   BANK1   BANK2   BANK3   BANK4   BANK5   BANK6   BANK7
      Params:         0       0       0       0       0       0       0       0       0
      Locals:         0       0       0       0       0       0       0       0       0
      Temps:          1       0       0       0       0       0       0       0       0
      Totals:         1       0       0       0       0       0       0       0       0
Total ram usage:        1 bytes
 Hardware stack levels used:    1
 This function calls:
		Nothing
 This function is called by:
		_getda_cdc
 This function uses a non-reentrant model


 *************** function _putc_cdc *****************
 Defined at:
		line 350 in file "../dp_usb/cdc.c"
 Parameters:    Size  Location     Type
  c               1    2[COMRAM] unsigned char 
 Auto vars:     Size  Location     Type
		None
 Return value:  Size  Location     Type
		None               void
 Registers used:
		wreg, fsr2l, fsr2h, status,2, status,0, cstack
 Tracked objects:
		On entry : 
		On exit  : 
		Unchanged: 
 Data sizes:     COMRAM   BANK0   BANK1   BANK2   BANK3   BANK4   BANK5   BANK6   BANK7
      Params:         1       0       0       0       0       0       0       0       0
      Locals:         0       0       0       0       0       0       0       0       0
      Temps:          1       0       0       0       0       0       0       0       0
      Totals:         2       0       0       0       0       0       0       0       0
Total ram usage:        2 bytes
 Hardware stack levels used:    1
 Hardware stack levels required when called:    1
 This function calls:
		_putda_cdc
 This function is called by:
		_main
 This function uses a non-reentrant model


 *************** function _putda_cdc *****************
 Defined at:
		line 283 in file "../dp_usb/cdc.c"
 Parameters:    Size  Location     Type
  count           1    0[COMRAM] unsigned char 
 Auto vars:     Size  Location     Type
		None
 Return value:  Size  Location     Type
                  1    wreg      unsigned char 
 Registers used:
		wreg, fsr2l, fsr2h, status,2, status,0
 Tracked objects:
		On entry : 
		On exit  : 
		Unchanged: 
 Data sizes:     COMRAM   BANK0   BANK1   BANK2   BANK3   BANK4   BANK5   BANK6   BANK7
      Params:         1       0       0       0       0       0       0       0       0
      Locals:         0       0       0       0       0       0       0       0       0
      Temps:          1       0       0       0       0       0       0       0       0
      Totals:         2       0       0       0       0       0       0       0       0
Total ram usage:        2 bytes
 Hardware stack levels used:    1
 This function calls:
		Nothing
 This function is called by:
		_CDCFlushOnTimeout
		_putc_cdc
		_SendZLP
		_CDC_Flush_In_Now
 This function uses a non-reentrant model


 *************** function _initCDC *****************
 Defined at:
		line 68 in file "../dp_usb/cdc.c"
 Parameters:    Size  Location     Type
		None
 Auto vars:     Size  Location     Type
		None
 Return value:  Size  Location     Type
		None               void
 Registers used:
		wreg, status,2, cstack
 Tracked objects:
		On entry : 
		On exit  : 
		Unchanged: 
 Data sizes:     COMRAM   BANK0   BANK1   BANK2   BANK3   BANK4   BANK5   BANK6   BANK7
      Params:         0       0       0       0       0       0       0       0       0
      Locals:         0       0       0       0       0       0       0       0       0
      Temps:          1       0       0       0       0       0       0       0       0
      Totals:         1       0       0       0       0       0       0       0       0
Total ram usage:        1 bytes
 Hardware stack levels used:    1
 Hardware stack levels required when called:    1
 This function calls:
		_usb_register_class_setup_handler
 This function is called by:
		_main
 This function uses a non-reentrant model


 *************** function _usb_register_class_setup_handler *****************
 Defined at:
		line 525 in file "../dp_usb/usb_stack.c"
 Parameters:    Size  Location     Type
  handler         2    0[COMRAM] PTR FTN()void 
		 -> cdc_setup(0), 
 Auto vars:     Size  Location     Type
		None
 Return value:  Size  Location     Type
		None               void
 Registers used:
		None
 Tracked objects:
		On entry : 
		On exit  : 
		Unchanged: 
 Data sizes:     COMRAM   BANK0   BANK1   BANK2   BANK3   BANK4   BANK5   BANK6   BANK7
      Params:         2       0       0       0       0       0       0       0       0
      Locals:         0       0       0       0       0       0       0       0       0
      Temps:          0       0       0       0       0       0       0       0       0
      Totals:         2       0       0       0       0       0       0       0       0
Total ram usage:        2 bytes
 Hardware stack levels used:    1
 This function calls:
		Nothing
 This function is called by:
		_initCDC
		_user_configured_init
 This function uses a non-reentrant model



MODULE INFORMATION

Module		Function		Class		Link	Load	Size
shared
		_parity_str    		SMALLCONST     	0800	0000	5
		_cdc_config_des		SMALLCONST     	0857	0000	67
		__initializatio		CODE           	20FC	0000	44
		_cdc_device_des		SMALLCONST     	089A	0000	18
		_cdc_str_descs 		SMALLCONST     	0805	0000	82

shared estimated size: 216

C:\Program Files (x86)\Microchip\xc8\v1.21\sources\common\llmod.c
		___llmod       		CODE           	1EA8	0000	106

C:\Program Files (x86)\Microchip\xc8\v1.21\sources\common\llmod.c estimated size: 106

C:\Program Files (x86)\Microchip\xc8\v1.21\sources\common\lldiv.c
		___lldiv       		CODE           	1D2E	0000	134

C:\Program Files (x86)\Microchip\xc8\v1.21\sources\common\lldiv.c estimated size: 134

main.c
		_main          		CODE           	1AF0	0000	152
		_USBSuspend    		CODE           	231A	0000	2
		_SetupBoard    		CODE           	22FC	0000	10

main.c estimated size: 164

../dp_usb/usb_stack.c
		_usb_register_c		CODE           	2310	0000	10
		_usb_set_addres		CODE           	21C4	0000	40
		_ClearUSBtoDefa		CODE           	13D2	0000	364
		_usb_handler   		CODE           	1F7A	0000	94
		_usb_set_in_han		CODE           	2196	0000	46
		_usb_handle_Sta		CODE           	0E52	0000	598
		_usb_handle_in 		CODE           	1E36	0000	114
		_usb_register_s		CODE           	2306	0000	10
		_usb_handle_Sta		CODE           	08AE	0000	1444
		_usb_handle_res		CODE           	2212	0000	34
		_usb_init      		CODE           	1CA6	0000	136
		_usb_handle_set		CODE           	10A8	0000	434
		_usb_handle_Sta		CODE           	166C	0000	296
		_usb_handle_out		CODE           	1DB4	0000	130
		_usb_handle_tra		CODE           	19A2	0000	176
		_usb_send_rom  		CODE           	18BC	0000	230
		_usb_ack_dat1  		CODE           	2234	0000	30
		_usb_start     		CODE           	22EC	0000	16
		_usb_set_out_ha		CODE           	2132	0000	54
		_usb_RequestErr		CODE           	21EC	0000	38

../dp_usb/usb_stack.c estimated size: 4294

C:\Program Files (x86)\Microchip\xc8\v1.21\sources\common\memcpy.c
		_memcpy        		CODE           	2084	0000	64

C:\Program Files (x86)\Microchip\xc8\v1.21\sources\common\memcpy.c estimated size: 64

C:\Program Files (x86)\Microchip\xc8\v1.21\sources\pic18\d10ktcyx.c
		_Delay10KTCYx  		CODE           	2282	0000	22

C:\Program Files (x86)\Microchip\xc8\v1.21\sources\pic18\d10ktcyx.c estimated size: 22

../dp_usb/cdc.c
		_getc_cdc      		CODE           	2168	0000	46
		_cdc_setup     		CODE           	125A	0000	376
		_initCDC       		CODE           	1FD8	0000	88
		_cdc_set_contro		CODE           	22AE	0000	22
		_getInReady    		CODE           	226A	0000	24
		_WaitOutReady  		CODE           	22DA	0000	18
		_peek_getc_cdc 		CODE           	20C4	0000	56
		_getda_cdc     		CODE           	1A52	0000	158
		_putc_cdc      		CODE           	2030	0000	84
		_CDCFlushOnTime		CODE           	1F12	0000	104
		_getOutReady   		CODE           	2252	0000	24
		_cdc_set_line_c		CODE           	153E	0000	302
		_cdc_set_line_c		CODE           	2298	0000	22
		_user_configure		CODE           	1794	0000	296
		_putda_cdc     		CODE           	1C18	0000	142
		_cdc_get_line_c		CODE           	22C4	0000	22

../dp_usb/cdc.c estimated size: 1784

C:\Program Files (x86)\Microchip\xc8\v1.21\sources\common\awdiv.c
		___awdiv       		CODE           	1B88	0000	144

C:\Program Files (x86)\Microchip\xc8\v1.21\sources\common\awdiv.c estimated size: 144

